../Core/Src/main-RTC.c:72:9:decToBcd	24	static
../Core/Src/main-RTC.c:78:9:bcdToDec	16	static
../Core/Src/main-RTC.c:85:6:swapp	16	static
../Core/Src/main-RTC.c:103:6:spitstring	16	static
../Core/Src/main-RTC.c:135:6:Set_Time	48	static
../Core/Src/main-RTC.c:150:6:Get_Time	32	static
../Core/Src/main-RTC.c:163:6:HAL_UART_RxCpltCallback	16	static
../Core/Src/main-RTC.c:180:5:main	40	static
../Core/Src/main-RTC.c:254:6:SystemClock_Config	104	static
../Core/Src/main-RTC.c:300:13:MX_I2C1_Init	8	static
../Core/Src/main-RTC.c:348:13:MX_USART2_UART_Init	8	static
../Core/Src/main-RTC.c:383:13:MX_USART3_UART_Init	8	static
../Core/Src/main-RTC.c:418:13:MX_GPIO_Init	24	static
../Core/Src/main-RTC.c:437:6:Error_Handler	8	static,ignoring_inline_asm
