Component: Arm Compiler for Embedded 6.18 Tool: armlink [5e4cc100]

==============================================================================

Section Cross References

    startup_stm32f070xb.o(STACK) refers (Special) to heapauxi.o(.text) for __use_two_region_memory
    startup_stm32f070xb.o(HEAP) refers (Special) to heapauxi.o(.text) for __use_two_region_memory
    startup_stm32f070xb.o(RESET) refers (Special) to heapauxi.o(.text) for __use_two_region_memory
    startup_stm32f070xb.o(RESET) refers to startup_stm32f070xb.o(STACK) for __initial_sp
    startup_stm32f070xb.o(RESET) refers to startup_stm32f070xb.o(.text) for Reset_Handler
    startup_stm32f070xb.o(RESET) refers to stm32f0xx_it.o(.text.NMI_Handler) for NMI_Handler
    startup_stm32f070xb.o(RESET) refers to stm32f0xx_it.o(.text.HardFault_Handler) for HardFault_Handler
    startup_stm32f070xb.o(RESET) refers to stm32f0xx_it.o(.text.SVC_Handler) for SVC_Handler
    startup_stm32f070xb.o(RESET) refers to stm32f0xx_it.o(.text.PendSV_Handler) for PendSV_Handler
    startup_stm32f070xb.o(RESET) refers to stm32f0xx_it.o(.text.SysTick_Handler) for SysTick_Handler
    startup_stm32f070xb.o(RESET) refers to stm32f0xx_it.o(.text.EXTI4_15_IRQHandler) for EXTI4_15_IRQHandler
    startup_stm32f070xb.o(RESET) refers to stm32f0xx_it.o(.text.DMA1_Channel1_IRQHandler) for DMA1_Channel1_IRQHandler
    startup_stm32f070xb.o(RESET) refers to stm32f0xx_it.o(.text.ADC1_IRQHandler) for ADC1_IRQHandler
    startup_stm32f070xb.o(RESET) refers to stm32f0xx_it.o(.text.TIM16_IRQHandler) for TIM16_IRQHandler
    startup_stm32f070xb.o(RESET) refers to stm32f0xx_it.o(.text.USART3_4_IRQHandler) for USART3_4_IRQHandler
    startup_stm32f070xb.o(.text) refers (Special) to heapauxi.o(.text) for __use_two_region_memory
    startup_stm32f070xb.o(.text) refers to system_stm32f0xx.o(.text.SystemInit) for SystemInit
    startup_stm32f070xb.o(.text) refers to __main.o(!!!main) for __main
    startup_stm32f070xb.o(.text) refers to startup_stm32f070xb.o(HEAP) for Heap_Mem
    startup_stm32f070xb.o(.text) refers to startup_stm32f070xb.o(STACK) for Stack_Mem
    main.o(.text) refers (Special) to _printf_percent.o(.ARM.Collect$$_printf_percent$$00000000) for _printf_percent
    main.o(.text) refers (Special) to _printf_pad.o(.text) for _printf_pre_padding
    main.o(.text) refers (Special) to _printf_d.o(.ARM.Collect$$_printf_percent$$00000009) for _printf_d
    main.o(.text) refers (Special) to _printf_dec.o(.text) for _printf_int_dec
    main.o(.text.decToBcd) refers (Special) to _printf_percent.o(.ARM.Collect$$_printf_percent$$00000000) for _printf_percent
    main.o(.text.decToBcd) refers (Special) to _printf_pad.o(.text) for _printf_pre_padding
    main.o(.text.decToBcd) refers (Special) to _printf_d.o(.ARM.Collect$$_printf_percent$$00000009) for _printf_d
    main.o(.text.decToBcd) refers (Special) to _printf_dec.o(.text) for _printf_int_dec
    main.o(.text.decToBcd) refers to aeabi_sdivfast.o(.text_divfast) for __aeabi_idiv
    main.o(.ARM.exidx.text.decToBcd) refers (Special) to _printf_percent.o(.ARM.Collect$$_printf_percent$$00000000) for _printf_percent
    main.o(.ARM.exidx.text.decToBcd) refers (Special) to _printf_pad.o(.text) for _printf_pre_padding
    main.o(.ARM.exidx.text.decToBcd) refers (Special) to _printf_d.o(.ARM.Collect$$_printf_percent$$00000009) for _printf_d
    main.o(.ARM.exidx.text.decToBcd) refers (Special) to _printf_dec.o(.text) for _printf_int_dec
    main.o(.ARM.exidx.text.decToBcd) refers to main.o(.text.decToBcd) for [Anonymous Symbol]
    main.o(.text.bcdToDec) refers (Special) to _printf_percent.o(.ARM.Collect$$_printf_percent$$00000000) for _printf_percent
    main.o(.text.bcdToDec) refers (Special) to _printf_pad.o(.text) for _printf_pre_padding
    main.o(.text.bcdToDec) refers (Special) to _printf_d.o(.ARM.Collect$$_printf_percent$$00000009) for _printf_d
    main.o(.text.bcdToDec) refers (Special) to _printf_dec.o(.text) for _printf_int_dec
    main.o(.ARM.exidx.text.bcdToDec) refers (Special) to _printf_percent.o(.ARM.Collect$$_printf_percent$$00000000) for _printf_percent
    main.o(.ARM.exidx.text.bcdToDec) refers (Special) to _printf_pad.o(.text) for _printf_pre_padding
    main.o(.ARM.exidx.text.bcdToDec) refers (Special) to _printf_d.o(.ARM.Collect$$_printf_percent$$00000009) for _printf_d
    main.o(.ARM.exidx.text.bcdToDec) refers (Special) to _printf_dec.o(.text) for _printf_int_dec
    main.o(.ARM.exidx.text.bcdToDec) refers to main.o(.text.bcdToDec) for [Anonymous Symbol]
    main.o(.text.swapp) refers (Special) to _printf_percent.o(.ARM.Collect$$_printf_percent$$00000000) for _printf_percent
    main.o(.text.swapp) refers (Special) to _printf_pad.o(.text) for _printf_pre_padding
    main.o(.text.swapp) refers (Special) to _printf_d.o(.ARM.Collect$$_printf_percent$$00000009) for _printf_d
    main.o(.text.swapp) refers (Special) to _printf_dec.o(.text) for _printf_int_dec
[...]
    .ARM.Collect$$libinit$$00000006          0x0800014e   Section        0  libinit2.o(.ARM.Collect$$libinit$$00000006)
    .ARM.Collect$$libinit$$0000000C          0x0800014e   Section        0  libinit2.o(.ARM.Collect$$libinit$$0000000C)
    .ARM.Collect$$libinit$$0000000E          0x0800014e   Section        0  libinit2.o(.ARM.Collect$$libinit$$0000000E)
    .ARM.Collect$$libinit$$00000010          0x0800014e   Section        0  libinit2.o(.ARM.Collect$$libinit$$00000010)
    .ARM.Collect$$libinit$$00000013          0x0800014e   Section        0  libinit2.o(.ARM.Collect$$libinit$$00000013)
    .ARM.Collect$$libinit$$00000015          0x0800014e   Section        0  libinit2.o(.ARM.Collect$$libinit$$00000015)
    .ARM.Collect$$libinit$$00000017          0x0800014e   Section        0  libinit2.o(.ARM.Collect$$libinit$$00000017)
    .ARM.Collect$$libinit$$00000019          0x0800014e   Section        0  libinit2.o(.ARM.Collect$$libinit$$00000019)
    .ARM.Collect$$libinit$$0000001B          0x0800014e   Section        0  libinit2.o(.ARM.Collect$$libinit$$0000001B)
    .ARM.Collect$$libinit$$0000001D          0x0800014e   Section        0  libinit2.o(.ARM.Collect$$libinit$$0000001D)
    .ARM.Collect$$libinit$$0000001F          0x0800014e   Section        0  libinit2.o(.ARM.Collect$$libinit$$0000001F)
    .ARM.Collect$$libinit$$00000021          0x0800014e   Section        0  libinit2.o(.ARM.Collect$$libinit$$00000021)
    .ARM.Collect$$libinit$$00000023          0x0800014e   Section        0  libinit2.o(.ARM.Collect$$libinit$$00000023)
    .ARM.Collect$$libinit$$00000025          0x0800014e   Section        0  libinit2.o(.ARM.Collect$$libinit$$00000025)
    .ARM.Collect$$libinit$$00000027          0x0800014e   Section        0  libinit2.o(.ARM.Collect$$libinit$$00000027)
    .ARM.Collect$$libinit$$0000002E          0x0800014e   Section        0  libinit2.o(.ARM.Collect$$libinit$$0000002E)
    .ARM.Collect$$libinit$$00000030          0x0800014e   Section        0  libinit2.o(.ARM.Collect$$libinit$$00000030)
    .ARM.Collect$$libinit$$00000032          0x0800014e   Section        0  libinit2.o(.ARM.Collect$$libinit$$00000032)
    .ARM.Collect$$libinit$$00000034          0x0800014e   Section        0  libinit2.o(.ARM.Collect$$libinit$$00000034)
    .ARM.Collect$$libinit$$00000035          0x0800014e   Section        2  libinit2.o(.ARM.Collect$$libinit$$00000035)
    .ARM.Collect$$libshutdown$$00000000      0x08000150   Section        2  libshutdown.o(.ARM.Collect$$libshutdown$$00000000)
    .ARM.Collect$$libshutdown$$00000002      0x08000152   Section        0  libshutdown2.o(.ARM.Collect$$libshutdown$$00000002)
    .ARM.Collect$$libshutdown$$00000004      0x08000152   Section        0  libshutdown2.o(.ARM.Collect$$libshutdown$$00000004)
    .ARM.Collect$$libshutdown$$00000007      0x08000152   Section        0  libshutdown2.o(.ARM.Collect$$libshutdown$$00000007)
    .ARM.Collect$$libshutdown$$0000000A      0x08000152   Section        0  libshutdown2.o(.ARM.Collect$$libshutdown$$0000000A)
    .ARM.Collect$$libshutdown$$0000000C      0x08000152   Section        0  libshutdown2.o(.ARM.Collect$$libshutdown$$0000000C)
    .ARM.Collect$$libshutdown$$0000000F      0x08000152   Section        0  libshutdown2.o(.ARM.Collect$$libshutdown$$0000000F)
    .ARM.Collect$$libshutdown$$00000010      0x08000152   Section        2  libshutdown2.o(.ARM.Collect$$libshutdown$$00000010)
    .ARM.Collect$$rtentry$$00000000          0x08000154   Section        0  __rtentry.o(.ARM.Collect$$rtentry$$00000000)
    .ARM.Collect$$rtentry$$00000002          0x08000154   Section        0  __rtentry2.o(.ARM.Collect$$rtentry$$00000002)
    .ARM.Collect$$rtentry$$00000004          0x08000154   Section        6  __rtentry4.o(.ARM.Collect$$rtentry$$00000004)
    .ARM.Collect$$rtentry$$00000009          0x0800015a   Section        0  __rtentry2.o(.ARM.Collect$$rtentry$$00000009)
    .ARM.Collect$$rtentry$$0000000A          0x0800015a   Section        4  __rtentry2.o(.ARM.Collect$$rtentry$$0000000A)
    .ARM.Collect$$rtentry$$0000000C          0x0800015e   Section        0  __rtentry2.o(.ARM.Collect$$rtentry$$0000000C)
    .ARM.Collect$$rtentry$$0000000D          0x0800015e   Section        8  __rtentry2.o(.ARM.Collect$$rtentry$$0000000D)
    .ARM.Collect$$rtexit$$00000000           0x08000166   Section        2  rtexit.o(.ARM.Collect$$rtexit$$00000000)
    .ARM.Collect$$rtexit$$00000002           0x08000168   Section        0  rtexit2.o(.ARM.Collect$$rtexit$$00000002)
    .ARM.Collect$$rtexit$$00000003           0x08000168   Section        4  rtexit2.o(.ARM.Collect$$rtexit$$00000003)
    .ARM.Collect$$rtexit$$00000004           0x0800016c   Section        6  rtexit2.o(.ARM.Collect$$rtexit$$00000004)
    .emb_text                                0x08000174   Section       56  rt_memcpy.o(.emb_text)
    .text                                    0x080001ac   Section       56  startup_stm32f070xb.o(.text)
    .text                                    0x080001e4   Section        0  noretval__2sprintf.o(.text)
    .text                                    0x0800020c   Section        0  _printf_pad.o(.text)
    .text                                    0x0800025c   Section        0  _printf_dec.o(.text)
    .text                                    0x080002c8   Section        0  __printf_flags_wp.o(.text)
    .text                                    0x08000400   Section        0  rt_memcpy.o(.text)
    .text                                    0x08000482   Section        0  heapauxi.o(.text)
    .text                                    0x08000488   Section        0  fflti.o(.text)
    .text                                    0x080004e6   Section        0  _printf_intcommon.o(.text)
    _printf_input_char                       0x08000599   Thumb Code    10  _printf_char_common.o(.text)
    .text                                    0x08000598   Section        0  _printf_char_common.o(.text)
    .text                                    0x080005c8   Section        0  _sputc.o(.text)
    .text                                    0x080005d2   Section        0  rtudiv10.o(.text)
    .text                                    0x080005fc   Section        0  fcmpin.o(.text)
    .text                                    0x08000660   Section       62  sys_stackheap_outer.o(.text)
    .text                                    0x0800069e   Section        0  exit.o(.text)
    .text                                    0x080006ae   Section        0  cmpret.o(.text)
    .text                                    0x080006dc   Section        0  fnan2.o(.text)
    .text                                    0x080006ec   Section        8  libspace.o(.text)
    .text                                    0x080006f4   Section        0  retnan.o(.text)
    .text                                    0x08000754   Section        0  sys_exit.o(.text)
    .text                                    0x08000760   Section        2  use_no_semi.o(.text)
    .text                                    0x08000762   Section        0  indicate_semi.o(.text)
    [Anonymous Symbol]                       0x08000764   Section        0  stm32f0xx_it.o(.text.ADC1_IRQHandler)
    __arm_cp.7_0                             0x08000770   Number         4  stm32f0xx_it.o(.text.ADC1_IRQHandler)
    ADC_DMAConvCplt                          0x08000775   Thumb Code   114  stm32f0xx_hal_adc.o(.text.ADC_DMAConvCplt)
    [Anonymous Symbol]                       0x08000774   Section        0  stm32f0xx_hal_adc.o(.text.ADC_DMAConvCplt)
    ADC_DMAError                             0x080007e7   Thumb Code    26  stm32f0xx_hal_adc.o(.text.ADC_DMAError)
    [Anonymous Symbol]                       0x080007e6   Section        0  stm32f0xx_hal_adc.o(.text.ADC_DMAError)
    ADC_DMAHalfConvCplt                      0x08000801   Thumb Code    10  stm32f0xx_hal_adc.o(.text.ADC_DMAHalfConvCplt)
    [Anonymous Symbol]                       0x08000800   Section        0  stm32f0xx_hal_adc.o(.text.ADC_DMAHalfConvCplt)
    ADC_Enable                               0x0800080d   Thumb Code   172  stm32f0xx_hal_adc.o(.text.ADC_Enable)
    [Anonymous Symbol]                       0x0800080c   Section        0  stm32f0xx_hal_adc.o(.text.ADC_Enable)
    __arm_cp.5_0                             0x080008b8   Number         4  stm32f0xx_hal_adc.o(.text.ADC_Enable)
    [Anonymous Symbol]                       0x080008bc   Section        0  stm32f0xx_it.o(.text.DMA1_Channel1_IRQHandler)
    __arm_cp.6_0                             0x080008c8   Number         4  stm32f0xx_it.o(.text.DMA1_Channel1_IRQHandler)
    [Anonymous Symbol]                       0x080008cc   Section        0  stm32f0xx_it.o(.text.EXTI4_15_IRQHandler)
    [Anonymous Symbol]                       0x080008d8   Section        0  main.o(.text.Error_Handler)
    [Anonymous Symbol]                       0x080008e0   Section        0  stm32f0xx_hal_adc.o(.text.HAL_ADC_ConfigChannel)
    __arm_cp.22_0                            0x080009fc   Number         4  stm32f0xx_hal_adc.o(.text.HAL_ADC_ConfigChannel)
    __arm_cp.22_1                            0x08000a00   Number         4  stm32f0xx_hal_adc.o(.text.HAL_ADC_ConfigChannel)
    __arm_cp.22_2                            0x08000a04   Number         4  stm32f0xx_hal_adc.o(.text.HAL_ADC_ConfigChannel)
    __arm_cp.22_3                            0x08000a08   Number         4  stm32f0xx_hal_adc.o(.text.HAL_ADC_ConfigChannel)
    __arm_cp.22_4                            0x08000a0c   Number         4  stm32f0xx_hal_adc.o(.text.HAL_ADC_ConfigChannel)
    __arm_cp.22_5                            0x08000a10   Number         4  stm32f0xx_hal_adc.o(.text.HAL_ADC_ConfigChannel)
    [Anonymous Symbol]                       0x08000a14   Section        0  main.o(.text.HAL_ADC_ConvCpltCallback)
    __arm_cp.5_0                             0x08000a6c   Number         4  main.o(.text.HAL_ADC_ConvCpltCallback)
    __arm_cp.5_1                             0x08000a70   Number         4  main.o(.text.HAL_ADC_ConvCpltCallback)
    __arm_cp.5_2                             0x08000a74   Number         4  main.o(.text.HAL_ADC_ConvCpltCallback)
    [Anonymous Symbol]                       0x08000a78   Section        0  stm32f0xx_hal_adc.o(.text.HAL_ADC_ConvHalfCpltCallback)
    [Anonymous Symbol]                       0x08000a7a   Section        0  stm32f0xx_hal_adc.o(.text.HAL_ADC_ErrorCallback)
    [Anonymous Symbol]                       0x08000a7c   Section        0  stm32f0xx_hal_adc.o(.text.HAL_ADC_IRQHandler)
    [Anonymous Symbol]                       0x08000b50   Section        0  stm32f0xx_hal_adc.o(.text.HAL_ADC_Init)
    __arm_cp.0_0                             0x08000ca0   Number         4  stm32f0xx_hal_adc.o(.text.HAL_ADC_Init)
    __arm_cp.0_1                             0x08000ca4   Number         4  stm32f0xx_hal_adc.o(.text.HAL_ADC_Init)
    [Anonymous Symbol]                       0x08000ca8   Section        0  stm32f0xx_hal_adc.o(.text.HAL_ADC_LevelOutOfWindowCallback)
    [Anonymous Symbol]                       0x08000cac   Section        0  stm32f0xx_hal_msp.o(.text.HAL_ADC_MspInit)
    __arm_cp.1_0                             0x08000d40   Number         4  stm32f0xx_hal_msp.o(.text.HAL_ADC_MspInit)
    __arm_cp.1_1                             0x08000d44   Number         4  stm32f0xx_hal_msp.o(.text.HAL_ADC_MspInit)
    __arm_cp.1_2                             0x08000d48   Number         4  stm32f0xx_hal_msp.o(.text.HAL_ADC_MspInit)
    __arm_cp.1_3                             0x08000d4c   Number         4  stm32f0xx_hal_msp.o(.text.HAL_ADC_MspInit)
    [Anonymous Symbol]                       0x08000d50   Section        0  stm32f0xx_hal_adc.o(.text.HAL_ADC_Start_DMA)
    __arm_cp.11_0                            0x08000de4   Number         4  stm32f0xx_hal_adc.o(.text.HAL_ADC_Start_DMA)
    __arm_cp.11_1                            0x08000de8   Number         4  stm32f0xx_hal_adc.o(.text.HAL_ADC_Start_DMA)
    __arm_cp.11_2                            0x08000dec   Number         4  stm32f0xx_hal_adc.o(.text.HAL_ADC_Start_DMA)
    __arm_cp.11_3                            0x08000df0   Number         4  stm32f0xx_hal_adc.o(.text.HAL_ADC_Start_DMA)
    [Anonymous Symbol]                       0x08000df4   Section        0  stm32f0xx_hal_dma.o(.text.HAL_DMA_Abort)
    [Anonymous Symbol]                       0x08000e34   Section        0  stm32f0xx_hal_dma.o(.text.HAL_DMA_Abort_IT)
    [Anonymous Symbol]                       0x08000e78   Section        0  stm32f0xx_hal_dma.o(.text.HAL_DMA_IRQHandler)
    [Anonymous Symbol]                       0x08000f4c   Section        0  stm32f0xx_hal_dma.o(.text.HAL_DMA_Init)
    __arm_cp.0_0                             0x08000fbc   Number         4  stm32f0xx_hal_dma.o(.text.HAL_DMA_Init)
    __arm_cp.0_1                             0x08000fc0   Number         4  stm32f0xx_hal_dma.o(.text.HAL_DMA_Init)
    __arm_cp.0_2                             0x08000fc4   Number         4  stm32f0xx_hal_dma.o(.text.HAL_DMA_Init)
    [Anonymous Symbol]                       0x08000fc8   Section        0  stm32f0xx_hal_dma.o(.text.HAL_DMA_Start_IT)
    [Anonymous Symbol]                       0x0800104c   Section        0  stm32f0xx_hal.o(.text.HAL_Delay)
    __arm_cp.10_0                            0x0800106c   Number         4  stm32f0xx_hal.o(.text.HAL_Delay)
    [Anonymous Symbol]                       0x08001070   Section        0  main.o(.text.HAL_GPIO_EXTI_Callback)
    __arm_cp.7_0                             0x08001080   Number         4  main.o(.text.HAL_GPIO_EXTI_Callback)
    [Anonymous Symbol]                       0x08001084   Section        0  stm32f0xx_hal_gpio.o(.text.HAL_GPIO_EXTI_IRQHandler)
    __arm_cp.6_0                             0x08001098   Number         4  stm32f0xx_hal_gpio.o(.text.HAL_GPIO_EXTI_IRQHandler)
    [Anonymous Symbol]                       0x0800109c   Section        0  stm32f0xx_hal_gpio.o(.text.HAL_GPIO_Init)
    __arm_cp.0_0                             0x0800125c   Number         4  stm32f0xx_hal_gpio.o(.text.HAL_GPIO_Init)
    __arm_cp.0_1                             0x08001260   Number         4  stm32f0xx_hal_gpio.o(.text.HAL_GPIO_Init)
    __arm_cp.0_2                             0x08001264   Number         4  stm32f0xx_hal_gpio.o(.text.HAL_GPIO_Init)
    __arm_cp.0_3                             0x08001268   Number         4  stm32f0xx_hal_gpio.o(.text.HAL_GPIO_Init)
    __arm_cp.0_4                             0x0800126c   Number         4  stm32f0xx_hal_gpio.o(.text.HAL_GPIO_Init)
    __arm_cp.0_5                             0x08001270   Number         4  stm32f0xx_hal_gpio.o(.text.HAL_GPIO_Init)
    [Anonymous Symbol]                       0x08001274   Section        0  stm32f0xx_hal_gpio.o(.text.HAL_GPIO_TogglePin)
    [Anonymous Symbol]                       0x08001284   Section        0  stm32f0xx_hal_gpio.o(.text.HAL_GPIO_WritePin)
    [Anonymous Symbol]                       0x08001294   Section        0  stm32f0xx_hal.o(.text.HAL_GetTick)
    [Anonymous Symbol]                       0x0800129c   Section        0  stm32f0xx_hal_i2c_ex.o(.text.HAL_I2CEx_ConfigAnalogFilter)
    [Anonymous Symbol]                       0x080012e0   Section        0  stm32f0xx_hal_i2c_ex.o(.text.HAL_I2CEx_ConfigDigitalFilter)
    [Anonymous Symbol]                       0x08001324   Section        0  stm32f0xx_hal_i2c.o(.text.HAL_I2C_Init)
    __arm_cp.0_0                             0x080013c4   Number         4  stm32f0xx_hal_i2c.o(.text.HAL_I2C_Init)
    __arm_cp.0_1                             0x080013c8   Number         4  stm32f0xx_hal_i2c.o(.text.HAL_I2C_Init)
    [Anonymous Symbol]                       0x080013cc   Section        0  stm32f0xx_hal_i2c.o(.text.HAL_I2C_Mem_Read)
    __arm_cp.31_0                            0x080015f0   Number         4  stm32f0xx_hal_i2c.o(.text.HAL_I2C_Mem_Read)
    __arm_cp.31_1                            0x080015f4   Number         4  stm32f0xx_hal_i2c.o(.text.HAL_I2C_Mem_Read)
    __arm_cp.31_2                            0x080015f8   Number         4  stm32f0xx_hal_i2c.o(.text.HAL_I2C_Mem_Read)
    __arm_cp.31_3                            0x080015fc   Number         4  stm32f0xx_hal_i2c.o(.text.HAL_I2C_Mem_Read)
    __arm_cp.31_4                            0x08001600   Number         4  stm32f0xx_hal_i2c.o(.text.HAL_I2C_Mem_Read)
    __arm_cp.31_5                            0x08001604   Number         4  stm32f0xx_hal_i2c.o(.text.HAL_I2C_Mem_Read)
    __arm_cp.31_6                            0x08001608   Number         4  stm32f0xx_hal_i2c.o(.text.HAL_I2C_Mem_Read)
    [Anonymous Symbol]                       0x0800160c   Section        0  stm32f0xx_hal_msp.o(.text.HAL_I2C_MspInit)
    __arm_cp.3_0                             0x08001660   Number         4  stm32f0xx_hal_msp.o(.text.HAL_I2C_MspInit)
    __arm_cp.3_1                             0x08001664   Number         4  stm32f0xx_hal_msp.o(.text.HAL_I2C_MspInit)
    __arm_cp.3_2                             0x08001668   Number         4  stm32f0xx_hal_msp.o(.text.HAL_I2C_MspInit)
    [Anonymous Symbol]                       0x0800166c   Section        0  stm32f0xx_hal.o(.text.HAL_IncTick)
    __arm_cp.5_1                             0x0800167c   Number         4  stm32f0xx_hal.o(.text.HAL_IncTick)
    [Anonymous Symbol]                       0x08001680   Section        0  stm32f0xx_hal.o(.text.HAL_Init)
    [Anonymous Symbol]                       0x0800169c   Section        0  stm32f0xx_hal.o(.text.HAL_InitTick)
    __arm_cp.1_0                             0x080016d8   Number         4  stm32f0xx_hal.o(.text.HAL_InitTick)
    [Anonymous Symbol]                       0x080016dc   Section        0  stm32f0xx_hal_msp.o(.text.HAL_MspInit)
    __arm_cp.0_0                             0x08001704   Number         4  stm32f0xx_hal_msp.o(.text.HAL_MspInit)
    [Anonymous Symbol]                       0x08001708   Section        0  stm32f0xx_hal_cortex.o(.text.HAL_NVIC_EnableIRQ)
    __arm_cp.1_0                             0x0800171c   Number         4  stm32f0xx_hal_cortex.o(.text.HAL_NVIC_EnableIRQ)
    [Anonymous Symbol]                       0x08001720   Section        0  stm32f0xx_hal_cortex.o(.text.HAL_NVIC_SetPriority)
    __arm_cp.0_0                             0x08001758   Number         4  stm32f0xx_hal_cortex.o(.text.HAL_NVIC_SetPriority)
    __arm_cp.0_1                             0x0800175c   Number         4  stm32f0xx_hal_cortex.o(.text.HAL_NVIC_SetPriority)
    [Anonymous Symbol]                       0x08001760   Section        0  stm32f0xx_hal_rcc_ex.o(.text.HAL_RCCEx_PeriphCLKConfig)
    __arm_cp.0_0                             0x08001870   Number         4  stm32f0xx_hal_rcc_ex.o(.text.HAL_RCCEx_PeriphCLKConfig)
    __arm_cp.0_1                             0x08001874   Number         4  stm32f0xx_hal_rcc_ex.o(.text.HAL_RCCEx_PeriphCLKConfig)
    __arm_cp.0_2                             0x08001878   Number         4  stm32f0xx_hal_rcc_ex.o(.text.HAL_RCCEx_PeriphCLKConfig)
    [Anonymous Symbol]                       0x0800187c   Section        0  stm32f0xx_hal_rcc.o(.text.HAL_RCC_ClockConfig)
    __arm_cp.2_0                             0x080019a8   Number         4  stm32f0xx_hal_rcc.o(.text.HAL_RCC_ClockConfig)
    __arm_cp.2_2                             0x080019ac   Number         4  stm32f0xx_hal_rcc.o(.text.HAL_RCC_ClockConfig)
    __arm_cp.2_6                             0x080019b0   Number         4  stm32f0xx_hal_rcc.o(.text.HAL_RCC_ClockConfig)
    [Anonymous Symbol]                       0x080019b4   Section        0  stm32f0xx_hal_rcc.o(.text.HAL_RCC_GetPCLK1Freq)
    __arm_cp.8_0                             0x080019c8   Number         4  stm32f0xx_hal_rcc.o(.text.HAL_RCC_GetPCLK1Freq)
    __arm_cp.8_2                             0x080019cc   Number         4  stm32f0xx_hal_rcc.o(.text.HAL_RCC_GetPCLK1Freq)
    [Anonymous Symbol]                       0x080019d0   Section        0  stm32f0xx_hal_rcc.o(.text.HAL_RCC_GetSysClockFreq)
    __arm_cp.3_0                             0x080019fc   Number         4  stm32f0xx_hal_rcc.o(.text.HAL_RCC_GetSysClockFreq)
    __arm_cp.3_1                             0x08001a00   Number         4  stm32f0xx_hal_rcc.o(.text.HAL_RCC_GetSysClockFreq)
    __arm_cp.3_2                             0x08001a04   Number         4  stm32f0xx_hal_rcc.o(.text.HAL_RCC_GetSysClockFreq)
    __arm_cp.3_3                             0x08001a08   Number         4  stm32f0xx_hal_rcc.o(.text.HAL_RCC_GetSysClockFreq)
    [Anonymous Symbol]                       0x08001a0c   Section        0  stm32f0xx_hal_rcc.o(.text.HAL_RCC_OscConfig)
    __arm_cp.1_0                             0x08001e10   Number         4  stm32f0xx_hal_rcc.o(.text.HAL_RCC_OscConfig)
    __arm_cp.1_1                             0x08001e14   Number         4  stm32f0xx_hal_rcc.o(.text.HAL_RCC_OscConfig)
    __arm_cp.1_2                             0x08001e18   Number         4  stm32f0xx_hal_rcc.o(.text.HAL_RCC_OscConfig)
    [Anonymous Symbol]                       0x08001e1c   Section        0  stm32f0xx_hal_cortex.o(.text.HAL_SYSTICK_Config)
    __arm_cp.4_0                             0x08001e44   Number         4  stm32f0xx_hal_cortex.o(.text.HAL_SYSTICK_Config)
    __arm_cp.4_1                             0x08001e48   Number         4  stm32f0xx_hal_cortex.o(.text.HAL_SYSTICK_Config)
    __arm_cp.4_2                             0x08001e4c   Number         4  stm32f0xx_hal_cortex.o(.text.HAL_SYSTICK_Config)
    [Anonymous Symbol]                       0x08001e50   Section        0  stm32f0xx_hal_tim_ex.o(.text.HAL_TIMEx_BreakCallback)
    [Anonymous Symbol]                       0x08001e52   Section        0  stm32f0xx_hal_tim_ex.o(.text.HAL_TIMEx_CommutCallback)
    [Anonymous Symbol]                       0x08001e54   Section        0  stm32f0xx_hal_tim.o(.text.HAL_TIM_Base_Init)
    __arm_cp.0_0                             0x08001f18   Number         4  stm32f0xx_hal_tim.o(.text.HAL_TIM_Base_Init)
    __arm_cp.0_1                             0x08001f1c   Number         4  stm32f0xx_hal_tim.o(.text.HAL_TIM_Base_Init)
    __arm_cp.0_2                             0x08001f20   Number         4  stm32f0xx_hal_tim.o(.text.HAL_TIM_Base_Init)
    __arm_cp.0_3                             0x08001f24   Number         4  stm32f0xx_hal_tim.o(.text.HAL_TIM_Base_Init)
    __arm_cp.0_4                             0x08001f28   Number         4  stm32f0xx_hal_tim.o(.text.HAL_TIM_Base_Init)
    __arm_cp.0_6                             0x08001f2c   Number         4  stm32f0xx_hal_tim.o(.text.HAL_TIM_Base_Init)
    __arm_cp.0_7                             0x08001f30   Number         4  stm32f0xx_hal_tim.o(.text.HAL_TIM_Base_Init)
    [Anonymous Symbol]                       0x08001f34   Section        0  stm32f0xx_hal_msp.o(.text.HAL_TIM_Base_MspInit)
    __arm_cp.5_0                             0x08001f70   Number         4  stm32f0xx_hal_msp.o(.text.HAL_TIM_Base_MspInit)
    __arm_cp.5_1                             0x08001f74   Number         4  stm32f0xx_hal_msp.o(.text.HAL_TIM_Base_MspInit)
    [Anonymous Symbol]                       0x08001f78   Section        0  stm32f0xx_hal_tim.o(.text.HAL_TIM_IC_CaptureCallback)
    [Anonymous Symbol]                       0x08001f7a   Section        0  stm32f0xx_hal_tim.o(.text.HAL_TIM_IRQHandler)
    [Anonymous Symbol]                       0x080020c2   Section        0  stm32f0xx_hal_tim.o(.text.HAL_TIM_OC_DelayElapsedCallback)
    [Anonymous Symbol]                       0x080020c4   Section        0  stm32f0xx_hal_tim.o(.text.HAL_TIM_PWM_PulseFinishedCallback)
    [Anonymous Symbol]                       0x080020c8   Section        0  main.o(.text.HAL_TIM_PeriodElapsedCallback)
    __arm_cp.6_0                             0x080020e4   Number         4  main.o(.text.HAL_TIM_PeriodElapsedCallback)
    __arm_cp.6_1                             0x080020e8   Number         4  main.o(.text.HAL_TIM_PeriodElapsedCallback)
    [Anonymous Symbol]                       0x080020ec   Section        0  stm32f0xx_hal_tim.o(.text.HAL_TIM_TriggerCallback)
    [Anonymous Symbol]                       0x080020ee   Section        0  stm32f0xx_hal_uart.o(.text.HAL_UARTEx_RxEventCallback)
    [Anonymous Symbol]                       0x080020f0   Section        0  stm32f0xx_hal_uart.o(.text.HAL_UART_ErrorCallback)
    [Anonymous Symbol]                       0x080020f4   Section        0  stm32f0xx_hal_uart.o(.text.HAL_UART_IRQHandler)
    __arm_cp.39_0                            0x0800248c   Number         4  stm32f0xx_hal_uart.o(.text.HAL_UART_IRQHandler)
    __arm_cp.39_1                            0x08002490   Number         4  stm32f0xx_hal_uart.o(.text.HAL_UART_IRQHandler)
    __arm_cp.39_2                            0x08002494   Number         4  stm32f0xx_hal_uart.o(.text.HAL_UART_IRQHandler)
    [Anonymous Symbol]                       0x08002498   Section        0  stm32f0xx_hal_uart.o(.text.HAL_UART_Init)
    __arm_cp.0_0                             0x08002560   Number         4  stm32f0xx_hal_uart.o(.text.HAL_UART_Init)
    [Anonymous Symbol]                       0x08002564   Section        0  stm32f0xx_hal_msp.o(.text.HAL_UART_MspInit)
    __arm_cp.7_0                             0x08002614   Number         4  stm32f0xx_hal_msp.o(.text.HAL_UART_MspInit)
    __arm_cp.7_1                             0x08002618   Number         4  stm32f0xx_hal_msp.o(.text.HAL_UART_MspInit)
    __arm_cp.7_2                             0x0800261c   Number         4  stm32f0xx_hal_msp.o(.text.HAL_UART_MspInit)
    __arm_cp.7_3                             0x08002620   Number         4  stm32f0xx_hal_msp.o(.text.HAL_UART_MspInit)
    [Anonymous Symbol]                       0x08002624   Section        0  stm32f0xx_hal_uart.o(.text.HAL_UART_Receive_IT)
    __arm_cp.15_1                            0x08002730   Number         4  stm32f0xx_hal_uart.o(.text.HAL_UART_Receive_IT)
    __arm_cp.15_2                            0x08002734   Number         4  stm32f0xx_hal_uart.o(.text.HAL_UART_Receive_IT)
    [Anonymous Symbol]                       0x08002738   Section        0  main.o(.text.HAL_UART_RxCpltCallback)
    __arm_cp.10_0                            0x080027c8   Number         4  main.o(.text.HAL_UART_RxCpltCallback)
    __arm_cp.10_1                            0x080027cc   Number         4  main.o(.text.HAL_UART_RxCpltCallback)
    __arm_cp.10_2                            0x080027d0   Number         4  main.o(.text.HAL_UART_RxCpltCallback)
    [Anonymous Symbol]                       0x080027d4   Section        0  stm32f0xx_hal_uart.o(.text.HAL_UART_Transmit)
    __arm_cp.9_0                             0x080028d4   Number         4  stm32f0xx_hal_uart.o(.text.HAL_UART_Transmit)
    [Anonymous Symbol]                       0x080028d8   Section        0  stm32f0xx_hal_uart.o(.text.HAL_UART_TxCpltCallback)
    [Anonymous Symbol]                       0x080028da   Section        0  stm32f0xx_it.o(.text.HardFault_Handler)
    I2C_IsAcknowledgeFailed                  0x080028dd   Thumb Code   176  stm32f0xx_hal_i2c.o(.text.I2C_IsAcknowledgeFailed)
    [Anonymous Symbol]                       0x080028dc   Section        0  stm32f0xx_hal_i2c.o(.text.I2C_IsAcknowledgeFailed)
    __arm_cp.71_0                            0x0800298c   Number         4  stm32f0xx_hal_i2c.o(.text.I2C_IsAcknowledgeFailed)
    I2C_RequestMemoryRead                    0x08002991   Thumb Code   212  stm32f0xx_hal_i2c.o(.text.I2C_RequestMemoryRead)
    [Anonymous Symbol]                       0x08002990   Section        0  stm32f0xx_hal_i2c.o(.text.I2C_RequestMemoryRead)
    __arm_cp.32_0                            0x08002a64   Number         4  stm32f0xx_hal_i2c.o(.text.I2C_RequestMemoryRead)
    __arm_cp.32_1                            0x08002a68   Number         4  stm32f0xx_hal_i2c.o(.text.I2C_RequestMemoryRead)
    __arm_cp.32_2                            0x08002a6c   Number         4  stm32f0xx_hal_i2c.o(.text.I2C_RequestMemoryRead)
    I2C_WaitOnSTOPFlagUntilTimeout           0x08002a71   Thumb Code   104  stm32f0xx_hal_i2c.o(.text.I2C_WaitOnSTOPFlagUntilTimeout)
    [Anonymous Symbol]                       0x08002a70   Section        0  stm32f0xx_hal_i2c.o(.text.I2C_WaitOnSTOPFlagUntilTimeout)
    I2C_WaitOnTXISFlagUntilTimeout           0x08002ad9   Thumb Code   146  stm32f0xx_hal_i2c.o(.text.I2C_WaitOnTXISFlagUntilTimeout)
    [Anonymous Symbol]                       0x08002ad8   Section        0  stm32f0xx_hal_i2c.o(.text.I2C_WaitOnTXISFlagUntilTimeout)
    [Anonymous Symbol]                       0x08002b6a   Section        0  stm32f0xx_it.o(.text.NMI_Handler)
    [Anonymous Symbol]                       0x08002b6c   Section        0  stm32f0xx_it.o(.text.PendSV_Handler)
    [Anonymous Symbol]                       0x08002b6e   Section        0  stm32f0xx_it.o(.text.SVC_Handler)
    [Anonymous Symbol]                       0x08002b70   Section        0  stm32f0xx_it.o(.text.SysTick_Handler)
    [Anonymous Symbol]                       0x08002b78   Section        0  system_stm32f0xx.o(.text.SystemInit)
    [Anonymous Symbol]                       0x08002b7c   Section        0  stm32f0xx_it.o(.text.TIM16_IRQHandler)
    __arm_cp.8_0                             0x08002b88   Number         4  stm32f0xx_it.o(.text.TIM16_IRQHandler)
    [Anonymous Symbol]                       0x08002b8c   Section        0  stm32f0xx_hal_uart.o(.text.UART_AdvFeatureConfig)
    UART_DMAAbortOnError                     0x08002c5f   Thumb Code    22  stm32f0xx_hal_uart.o(.text.UART_DMAAbortOnError)
    [Anonymous Symbol]                       0x08002c5e   Section        0  stm32f0xx_hal_uart.o(.text.UART_DMAAbortOnError)
    UART_RxISR_16BIT                         0x08002c75   Thumb Code   162  stm32f0xx_hal_uart.o(.text.UART_RxISR_16BIT)
    [Anonymous Symbol]                       0x08002c74   Section        0  stm32f0xx_hal_uart.o(.text.UART_RxISR_16BIT)
    UART_RxISR_8BIT                          0x08002d17   Thumb Code   164  stm32f0xx_hal_uart.o(.text.UART_RxISR_8BIT)
    [Anonymous Symbol]                       0x08002d16   Section        0  stm32f0xx_hal_uart.o(.text.UART_RxISR_8BIT)
    [Anonymous Symbol]                       0x08002dbc   Section        0  stm32f0xx_hal_uart.o(.text.UART_SetConfig)
    __arm_cp.2_0                             0x08002ed0   Number         4  stm32f0xx_hal_uart.o(.text.UART_SetConfig)
    __arm_cp.2_1                             0x08002ed4   Number         4  stm32f0xx_hal_uart.o(.text.UART_SetConfig)
    __arm_cp.2_2                             0x08002ed8   Number         4  stm32f0xx_hal_uart.o(.text.UART_SetConfig)
    __arm_cp.2_3                             0x08002edc   Number         4  stm32f0xx_hal_uart.o(.text.UART_SetConfig)
    __arm_cp.2_4                             0x08002ee0   Number         4  stm32f0xx_hal_uart.o(.text.UART_SetConfig)
    __arm_cp.2_5                             0x08002ee4   Number         4  stm32f0xx_hal_uart.o(.text.UART_SetConfig)
    __arm_cp.2_6                             0x08002ee8   Number         4  stm32f0xx_hal_uart.o(.text.UART_SetConfig)
    __arm_cp.2_8                             0x08002efc   Number         4  stm32f0xx_hal_uart.o(.text.UART_SetConfig)
    __arm_cp.2_9                             0x08002f00   Number         4  stm32f0xx_hal_uart.o(.text.UART_SetConfig)
    [Anonymous Symbol]                       0x08002f04   Section        0  stm32f0xx_hal_uart.o(.text.UART_WaitOnFlagUntilTimeout)
    [Anonymous Symbol]                       0x0800303c   Section        0  stm32f0xx_it.o(.text.USART3_4_IRQHandler)
    __arm_cp.9_0                             0x08003048   Number         4  stm32f0xx_it.o(.text.USART3_4_IRQHandler)
    [Anonymous Symbol]                       0x0800304c   Section        0  main.o(.text.dropPills)
    __arm_cp.4_0                             0x08003140   Number         4  main.o(.text.dropPills)
    [Anonymous Symbol]                       0x08003144   Section        0  main.o(.text.main)
    __arm_cp.11_0                            0x0800357c   Number         4  main.o(.text.main)
    __arm_cp.11_1                            0x08003580   Number         4  main.o(.text.main)
    __arm_cp.11_2                            0x08003584   Number         4  main.o(.text.main)
    __arm_cp.11_3                            0x08003588   Number         4  main.o(.text.main)
    __arm_cp.11_4                            0x0800358c   Number         4  main.o(.text.main)
    __arm_cp.11_5                            0x08003590   Number         4  main.o(.text.main)
    __arm_cp.11_6                            0x08003594   Number         4  main.o(.text.main)
    __arm_cp.11_7                            0x08003598   Number         4  main.o(.text.main)
    __arm_cp.11_8                            0x0800359c   Number         4  main.o(.text.main)
    __arm_cp.11_9                            0x080035a0   Number         4  main.o(.text.main)
    __arm_cp.11_10                           0x080035a4   Number         4  main.o(.text.main)
    __arm_cp.11_11                           0x080035a8   Number         4  main.o(.text.main)
    __arm_cp.11_12                           0x080035ac   Number         4  main.o(.text.main)
    __arm_cp.11_13                           0x080035b0   Number         4  main.o(.text.main)
    __arm_cp.11_14                           0x080035b4   Number         4  main.o(.text.main)
    __arm_cp.11_15                           0x080035b8   Number         4  main.o(.text.main)
    __arm_cp.11_16                           0x080035bc   Number         4  main.o(.text.main)
    __arm_cp.11_18                           0x080035d0   Number         4  main.o(.text.main)
    __arm_cp.11_19                           0x080035d4   Number         4  main.o(.text.main)
    __arm_cp.11_20                           0x080035d8   Number         4  main.o(.text.main)
    .text_divfast                            0x080035dc   Section      502  aeabi_sdivfast.o(.text_divfast)
    i._fgeq                                  0x080037d2   Section        0  fcmp.o(i._fgeq)
    i._is_digit                              0x080037e8   Section        0  __printf_wp.o(i._is_digit)
    x$fpl$fadd                               0x080037f8   Section      140  faddsub.o(x$fpl$fadd)
    _fadd1                                   0x08003805   Thumb Code     0  faddsub.o(x$fpl$fadd)
    x$fpl$fgeqf                              0x08003884   Section       84  fgef.o(x$fpl$fgeqf)
    x$fpl$fmul                               0x080038d8   Section      176  fmul.o(x$fpl$fmul)
    x$fpl$fsub                               0x08003988   Section      208  faddsub.o(x$fpl$fsub)
    _fsub1                                   0x08003995   Thumb Code     0  faddsub.o(x$fpl$fsub)
    maptable                                 0x08003a58   Data          17  __printf_flags_wp.o(.constdata)
    .constdata                               0x08003a58   Section       17  __printf_flags_wp.o(.constdata)
    x$fpl$usenofp                            0x08003a58   Section        0  usenofp.o(x$fpl$usenofp)
    [Anonymous Symbol]                       0x08003a81   Section        0  stm32f0xx_hal_rcc.o(.rodata.cst16)
    [Anonymous Symbol]                       0x20000000   Section        0  main.o(.data..L_MergedGlobals)
    [Anonymous Symbol]                       0x20000028   Section        0  stm32f0xx_hal.o(.data..L_MergedGlobals)
    .bss                                     0x20000038   Section       96  libspace.o(.bss)
    [Anonymous Symbol]                       0x20000098   Section        0  main.o(.bss..L_MergedGlobals.1)
    Heap_Mem                                 0x20000310   Data         512  startup_stm32f070xb.o(HEAP)
    HEAP                                     0x20000310   Section      512  startup_stm32f070xb.o(HEAP)
    Stack_Mem                                0x20000510   Data        1024  startup_stm32f070xb.o(STACK)
    STACK                                    0x20000510   Section     1024  startup_stm32f070xb.o(STACK)
    __initial_sp                             0x20000910   Data           0  startup_stm32f070xb.o(STACK)

    Global Symbols

    Symbol Name                              Value     Ov Type        Size  Object(Section)

    BuildAttributes$$THM_ISAv3M$S$PE$A:L22$X:L11$S22$IEEE1$IW$~IW$USESV6$~STKCKD$USESV7$~SHL$OTIME$ROPI$EBA8$UX$STANDARDLIB$REQ8$PRES8$EABIv2 0x00000000   Number         0  anon$$obj.o ABSOLUTE
    _printf_flags                            0x00000000   Number         0  printf_stubs.o ABSOLUTE
    _printf_return_value                     0x00000000   Number         0  printf_stubs.o ABSOLUTE
    _printf_sizespec                         0x00000000   Number         0  printf_stubs.o ABSOLUTE
    _printf_widthprec                        0x00000000   Number         0  printf_stubs.o ABSOLUTE
    __ARM_exceptions_init                     - Undefined Weak Reference
    __alloca_initialize                       - Undefined Weak Reference
    __arm_preinit_                            - Undefined Weak Reference
    __arm_relocate_pie_                       - Undefined Weak Reference
    __cpp_initialize__aeabi_                  - Undefined Weak Reference
    __cxa_finalize                            - Undefined Weak Reference
    __rt_locale                               - Undefined Weak Reference
    __sigvec_lookup                           - Undefined Weak Reference
    _atexit_init                              - Undefined Weak Reference
    _call_atexit_fns                          - Undefined Weak Reference
    _clock_init                               - Undefined Weak Reference
    _fp_trap_init                             - Undefined Weak Reference
    _fp_trap_shutdown                         - Undefined Weak Reference
    _get_lc_collate                           - Undefined Weak Reference
    _get_lc_ctype                             - Undefined Weak Reference
    _get_lc_monetary                          - Undefined Weak Reference
    _get_lc_numeric                           - Undefined Weak Reference
    _get_lc_time                              - Undefined Weak Reference
    _getenv_init                              - Undefined Weak Reference
    _handle_redirection                       - Undefined Weak Reference
    _init_alloc                               - Undefined Weak Reference
    _init_user_alloc                          - Undefined Weak Reference
    _initio                                   - Undefined Weak Reference
    _printf_truncate_signed                   - Undefined Weak Reference
    _printf_truncate_unsigned                 - Undefined Weak Reference
    _rand_init                                - Undefined Weak Reference
    _signal_finish                            - Undefined Weak Reference
    _signal_init                              - Undefined Weak Reference
    _terminate_alloc                          - Undefined Weak Reference
    _terminate_user_alloc                     - Undefined Weak Reference
    _terminateio                              - Undefined Weak Reference
    __Vectors_Size                           0x000000c0   Number         0  startup_stm32f070xb.o ABSOLUTE
    __Vectors                                0x08000000   Data           4  startup_stm32f070xb.o(RESET)
    __Vectors_End                            0x080000c0   Data           0  startup_stm32f070xb.o(RESET)
    __main                                   0x080000c1   Thumb Code     8  __main.o(!!!main)
    __scatterload                            0x080000c9   Thumb Code     0  __scatter.o(!!!scatter)
    __scatterload_rt2                        0x080000c9   Thumb Code    52  __scatter.o(!!!scatter)
    __scatterload_rt2_thumb_only             0x080000c9   Thumb Code     0  __scatter.o(!!!scatter)
    __scatterload_null                       0x080000d9   Thumb Code     0  __scatter.o(!!!scatter)
    __scatterload_copy                       0x08000105   Thumb Code    26  __scatter_copy.o(!!handler_copy)
    __scatterload_zeroinit                   0x08000121   Thumb Code    28  __scatter_zi.o(!!handler_zi)
    _printf_percent                          0x0800013d   Thumb Code     0  _printf_percent.o(.ARM.Collect$$_printf_percent$$00000000)
    _printf_d                                0x0800013f   Thumb Code     0  _printf_d.o(.ARM.Collect$$_printf_percent$$00000009)
    _printf_percent_end                      0x08000149   Thumb Code     0  _printf_percent_end.o(.ARM.Collect$$_printf_percent$$00000017)
    __rt_lib_init                            0x0800014d   Thumb Code     0  libinit.o(.ARM.Collect$$libinit$$00000000)
    __rt_lib_init_alloca_1                   0x0800014f   Thumb Code     0  libinit2.o(.ARM.Collect$$libinit$$00000030)
    __rt_lib_init_argv_1                     0x0800014f   Thumb Code     0  libinit2.o(.ARM.Collect$$libinit$$0000002E)
    __rt_lib_init_atexit_1                   0x0800014f   Thumb Code     0  libinit2.o(.ARM.Collect$$libinit$$0000001D)
    __rt_lib_init_clock_1                    0x0800014f   Thumb Code     0  libinit2.o(.ARM.Collect$$libinit$$00000023)
    __rt_lib_init_cpp_1                      0x0800014f   Thumb Code     0  libinit2.o(.ARM.Collect$$libinit$$00000034)
    __rt_lib_init_exceptions_1               0x0800014f   Thumb Code     0  libinit2.o(.ARM.Collect$$libinit$$00000032)
    __rt_lib_init_fp_1                       0x0800014f   Thumb Code     0  libinit2.o(.ARM.Collect$$libinit$$00000002)
    __rt_lib_init_fp_trap_1                  0x0800014f   Thumb Code     0  libinit2.o(.ARM.Collect$$libinit$$00000021)
    __rt_lib_init_getenv_1                   0x0800014f   Thumb Code     0  libinit2.o(.ARM.Collect$$libinit$$00000025)
    __rt_lib_init_heap_1                     0x0800014f   Thumb Code     0  libinit2.o(.ARM.Collect$$libinit$$0000000C)
    __rt_lib_init_lc_collate_1               0x0800014f   Thumb Code     0  libinit2.o(.ARM.Collect$$libinit$$00000013)
    __rt_lib_init_lc_ctype_1                 0x0800014f   Thumb Code     0  libinit2.o(.ARM.Collect$$libinit$$00000015)
    __rt_lib_init_lc_monetary_1              0x0800014f   Thumb Code     0  libinit2.o(.ARM.Collect$$libinit$$00000017)
    __rt_lib_init_lc_numeric_1               0x0800014f   Thumb Code     0  libinit2.o(.ARM.Collect$$libinit$$00000019)
    __rt_lib_init_lc_time_1                  0x0800014f   Thumb Code     0  libinit2.o(.ARM.Collect$$libinit$$0000001B)
    __rt_lib_init_preinit_1                  0x0800014f   Thumb Code     0  libinit2.o(.ARM.Collect$$libinit$$00000006)
    __rt_lib_init_rand_1                     0x0800014f   Thumb Code     0  libinit2.o(.ARM.Collect$$libinit$$00000010)
    __rt_lib_init_relocate_pie_1             0x0800014f   Thumb Code     0  libinit2.o(.ARM.Collect$$libinit$$00000004)
    __rt_lib_init_return                     0x0800014f   Thumb Code     0  libinit2.o(.ARM.Collect$$libinit$$00000035)
    __rt_lib_init_signal_1                   0x0800014f   Thumb Code     0  libinit2.o(.ARM.Collect$$libinit$$0000001F)
    __rt_lib_init_stdio_1                    0x0800014f   Thumb Code     0  libinit2.o(.ARM.Collect$$libinit$$00000027)
    __rt_lib_init_user_alloc_1               0x0800014f   Thumb Code     0  libinit2.o(.ARM.Collect$$libinit$$0000000E)
    __rt_lib_shutdown                        0x08000151   Thumb Code     0  libshutdown.o(.ARM.Collect$$libshutdown$$00000000)
    __rt_lib_shutdown_cpp_1                  0x08000153   Thumb Code     0  libshutdown2.o(.ARM.Collect$$libshutdown$$00000002)
    __rt_lib_shutdown_fp_trap_1              0x08000153   Thumb Code     0  libshutdown2.o(.ARM.Collect$$libshutdown$$00000007)
    __rt_lib_shutdown_heap_1                 0x08000153   Thumb Code     0  libshutdown2.o(.ARM.Collect$$libshutdown$$0000000F)
    __rt_lib_shutdown_return                 0x08000153   Thumb Code     0  libshutdown2.o(.ARM.Collect$$libshutdown$$00000010)
    __rt_lib_shutdown_signal_1               0x08000153   Thumb Code     0  libshutdown2.o(.ARM.Collect$$libshutdown$$0000000A)
    __rt_lib_shutdown_stdio_1                0x08000153   Thumb Code     0  libshutdown2.o(.ARM.Collect$$libshutdown$$00000004)
    __rt_lib_shutdown_user_alloc_1           0x08000153   Thumb Code     0  libshutdown2.o(.ARM.Collect$$libshutdown$$0000000C)
    __rt_entry                               0x08000155   Thumb Code     0  __rtentry.o(.ARM.Collect$$rtentry$$00000000)
    __rt_entry_presh_1                       0x08000155   Thumb Code     0  __rtentry2.o(.ARM.Collect$$rtentry$$00000002)
    __rt_entry_sh                            0x08000155   Thumb Code     0  __rtentry4.o(.ARM.Collect$$rtentry$$00000004)
    __rt_entry_li                            0x0800015b   Thumb Code     0  __rtentry2.o(.ARM.Collect$$rtentry$$0000000A)
    __rt_entry_postsh_1                      0x0800015b   Thumb Code     0  __rtentry2.o(.ARM.Collect$$rtentry$$00000009)
    __rt_entry_main                          0x0800015f   Thumb Code     0  __rtentry2.o(.ARM.Collect$$rtentry$$0000000D)
    __rt_entry_postli_1                      0x0800015f   Thumb Code     0  __rtentry2.o(.ARM.Collect$$rtentry$$0000000C)
    __rt_exit                                0x08000167   Thumb Code     0  rtexit.o(.ARM.Collect$$rtexit$$00000000)
    __rt_exit_ls                             0x08000169   Thumb Code     0  rtexit2.o(.ARM.Collect$$rtexit$$00000003)
    __rt_exit_prels_1                        0x08000169   Thumb Code     0  rtexit2.o(.ARM.Collect$$rtexit$$00000002)
    __rt_exit_exit                           0x0800016d   Thumb Code     0  rtexit2.o(.ARM.Collect$$rtexit$$00000004)
    __aeabi_memcpy4                          0x08000175   Thumb Code    56  rt_memcpy.o(.emb_text)
    __aeabi_memcpy8                          0x08000175   Thumb Code     0  rt_memcpy.o(.emb_text)
    Reset_Handler                            0x080001ad   Thumb Code     8  startup_stm32f070xb.o(.text)
    DMA1_Channel2_3_IRQHandler               0x080001bf   Thumb Code     0  startup_stm32f070xb.o(.text)
    DMA1_Channel4_5_IRQHandler               0x080001bf   Thumb Code     0  startup_stm32f070xb.o(.text)
    EXTI0_1_IRQHandler                       0x080001bf   Thumb Code     0  startup_stm32f070xb.o(.text)
    EXTI2_3_IRQHandler                       0x080001bf   Thumb Code     0  startup_stm32f070xb.o(.text)
    FLASH_IRQHandler                         0x080001bf   Thumb Code     0  startup_stm32f070xb.o(.text)
    I2C1_IRQHandler                          0x080001bf   Thumb Code     0  startup_stm32f070xb.o(.text)
    I2C2_IRQHandler                          0x080001bf   Thumb Code     0  startup_stm32f070xb.o(.text)
    RCC_IRQHandler                           0x080001bf   Thumb Code     0  startup_stm32f070xb.o(.text)
    RTC_IRQHandler                           0x080001bf   Thumb Code     0  startup_stm32f070xb.o(.text)
    SPI1_IRQHandler                          0x080001bf   Thumb Code     0  startup_stm32f070xb.o(.text)
    SPI2_IRQHandler                          0x080001bf   Thumb Code     0  startup_stm32f070xb.o(.text)
    TIM14_IRQHandler                         0x080001bf   Thumb Code     0  startup_stm32f070xb.o(.text)
    TIM15_IRQHandler                         0x080001bf   Thumb Code     0  startup_stm32f070xb.o(.text)
    TIM17_IRQHandler                         0x080001bf   Thumb Code     0  startup_stm32f070xb.o(.text)
    TIM1_BRK_UP_TRG_COM_IRQHandler           0x080001bf   Thumb Code     0  startup_stm32f070xb.o(.text)
    TIM1_CC_IRQHandler                       0x080001bf   Thumb Code     0  startup_stm32f070xb.o(.text)
    TIM3_IRQHandler                          0x080001bf   Thumb Code     0  startup_stm32f070xb.o(.text)
    TIM6_IRQHandler                          0x080001bf   Thumb Code     0  startup_stm32f070xb.o(.text)
    TIM7_IRQHandler                          0x080001bf   Thumb Code     0  startup_stm32f070xb.o(.text)
    USART1_IRQHandler                        0x080001bf   Thumb Code     0  startup_stm32f070xb.o(.text)
    USART2_IRQHandler                        0x080001bf   Thumb Code     0  startup_stm32f070xb.o(.text)
    USB_IRQHandler                           0x080001bf   Thumb Code     0  startup_stm32f070xb.o(.text)
    WWDG_IRQHandler                          0x080001bf   Thumb Code     0  startup_stm32f070xb.o(.text)
    __user_initial_stackheap                 0x080001c1   Thumb Code     0  startup_stm32f070xb.o(.text)
    __2sprintf                               0x080001e5   Thumb Code    36  noretval__2sprintf.o(.text)
    _printf_pre_padding                      0x0800020d   Thumb Code    44  _printf_pad.o(.text)
    _printf_post_padding                     0x08000239   Thumb Code    34  _printf_pad.o(.text)
    _printf_int_dec                          0x0800025d   Thumb Code    90  _printf_dec.o(.text)
    __printf                                 0x080002c9   Thumb Code   306  __printf_flags_wp.o(.text)
    __aeabi_memcpy                           0x08000401   Thumb Code   130  rt_memcpy.o(.text)
    __rt_memcpy                              0x08000401   Thumb Code     0  rt_memcpy.o(.text)
    __use_two_region_memory                  0x08000483   Thumb Code     2  heapauxi.o(.text)
    __rt_heap_escrow$2region                 0x08000485   Thumb Code     2  heapauxi.o(.text)
    __rt_heap_expand$2region                 0x08000487   Thumb Code     2  heapauxi.o(.text)
    __aeabi_i2f_normalise                    0x08000489   Thumb Code    72  fflti.o(.text)
    __aeabi_i2f                              0x080004d1   Thumb Code    16  fflti.o(.text)
    _fflt                                    0x080004d1   Thumb Code     0  fflti.o(.text)
    __aeabi_ui2f                             0x080004e1   Thumb Code     6  fflti.o(.text)
    _ffltu                                   0x080004e1   Thumb Code     0  fflti.o(.text)
    _printf_int_common                       0x080004e7   Thumb Code   176  _printf_intcommon.o(.text)
    _printf_char_common                      0x080005a3   Thumb Code    32  _printf_char_common.o(.text)
    _sputc                                   0x080005c9   Thumb Code    10  _sputc.o(.text)
    __rt_udiv10                              0x080005d3   Thumb Code    40  rtudiv10.o(.text)
    __fpl_fcmp_InfNaN                        0x080005fd   Thumb Code    96  fcmpin.o(.text)
    __user_setup_stackheap                   0x08000661   Thumb Code    62  sys_stackheap_outer.o(.text)
    exit                                     0x0800069f   Thumb Code    16  exit.o(.text)
    __fpl_cmpreturn                          0x080006af   Thumb Code    46  cmpret.o(.text)
    __fpl_fcheck_NaN2                        0x080006dd   Thumb Code    10  fnan2.o(.text)
    __user_libspace                          0x080006ed   Thumb Code     8  libspace.o(.text)
    __user_perproc_libspace                  0x080006ed   Thumb Code     0  libspace.o(.text)
    __user_perthread_libspace                0x080006ed   Thumb Code     0  libspace.o(.text)
    __fpl_return_NaN                         0x080006f5   Thumb Code    94  retnan.o(.text)
    _sys_exit                                0x08000755   Thumb Code     8  sys_exit.o(.text)
    __I$use$semihosting                      0x08000761   Thumb Code     0  use_no_semi.o(.text)
    __use_no_semihosting_swi                 0x08000761   Thumb Code     2  use_no_semi.o(.text)
    __semihosting_library_function           0x08000763   Thumb Code     0  indicate_semi.o(.text)
    ADC1_IRQHandler                          0x08000765   Thumb Code    12  stm32f0xx_it.o(.text.ADC1_IRQHandler)
    DMA1_Channel1_IRQHandler                 0x080008bd   Thumb Code    12  stm32f0xx_it.o(.text.DMA1_Channel1_IRQHandler)
    EXTI4_15_IRQHandler                      0x080008cd   Thumb Code    12  stm32f0xx_it.o(.text.EXTI4_15_IRQHandler)
    Error_Handler                            0x080008d9   Thumb Code     8  main.o(.text.Error_Handler)
    HAL_ADC_ConfigChannel                    0x080008e1   Thumb Code   284  stm32f0xx_hal_adc.o(.text.HAL_ADC_ConfigChannel)
    HAL_ADC_ConvCpltCallback                 0x08000a15   Thumb Code    88  main.o(.text.HAL_ADC_ConvCpltCallback)
    HAL_ADC_ConvHalfCpltCallback             0x08000a79   Thumb Code     2  stm32f0xx_hal_adc.o(.text.HAL_ADC_ConvHalfCpltCallback)
    HAL_ADC_ErrorCallback                    0x08000a7b   Thumb Code     2  stm32f0xx_hal_adc.o(.text.HAL_ADC_ErrorCallback)
    HAL_ADC_IRQHandler                       0x08000a7d   Thumb Code   210  stm32f0xx_hal_adc.o(.text.HAL_ADC_IRQHandler)
    HAL_ADC_Init                             0x08000b51   Thumb Code   336  stm32f0xx_hal_adc.o(.text.HAL_ADC_Init)
    HAL_ADC_LevelOutOfWindowCallback         0x08000ca9   Thumb Code     2  stm32f0xx_hal_adc.o(.text.HAL_ADC_LevelOutOfWindowCallback)
    HAL_ADC_MspInit                          0x08000cad   Thumb Code   148  stm32f0xx_hal_msp.o(.text.HAL_ADC_MspInit)
    HAL_ADC_Start_DMA                        0x08000d51   Thumb Code   148  stm32f0xx_hal_adc.o(.text.HAL_ADC_Start_DMA)
    HAL_DMA_Abort                            0x08000df5   Thumb Code    64  stm32f0xx_hal_dma.o(.text.HAL_DMA_Abort)
    HAL_DMA_Abort_IT                         0x08000e35   Thumb Code    68  stm32f0xx_hal_dma.o(.text.HAL_DMA_Abort_IT)
    HAL_DMA_IRQHandler                       0x08000e79   Thumb Code   212  stm32f0xx_hal_dma.o(.text.HAL_DMA_IRQHandler)
    HAL_DMA_Init                             0x08000f4d   Thumb Code   112  stm32f0xx_hal_dma.o(.text.HAL_DMA_Init)
    HAL_DMA_Start_IT                         0x08000fc9   Thumb Code   130  stm32f0xx_hal_dma.o(.text.HAL_DMA_Start_IT)
    HAL_Delay                                0x0800104d   Thumb Code    32  stm32f0xx_hal.o(.text.HAL_Delay)
    HAL_GPIO_EXTI_Callback                   0x08001071   Thumb Code    16  main.o(.text.HAL_GPIO_EXTI_Callback)
    HAL_GPIO_EXTI_IRQHandler                 0x08001085   Thumb Code    20  stm32f0xx_hal_gpio.o(.text.HAL_GPIO_EXTI_IRQHandler)
    HAL_GPIO_Init                            0x0800109d   Thumb Code   448  stm32f0xx_hal_gpio.o(.text.HAL_GPIO_Init)
    HAL_GPIO_TogglePin                       0x08001275   Thumb Code    16  stm32f0xx_hal_gpio.o(.text.HAL_GPIO_TogglePin)
    HAL_GPIO_WritePin                        0x08001285   Thumb Code    16  stm32f0xx_hal_gpio.o(.text.HAL_GPIO_WritePin)
    HAL_GetTick                              0x08001295   Thumb Code     8  stm32f0xx_hal.o(.text.HAL_GetTick)
    HAL_I2CEx_ConfigAnalogFilter             0x0800129d   Thumb Code    68  stm32f0xx_hal_i2c_ex.o(.text.HAL_I2CEx_ConfigAnalogFilter)
    HAL_I2CEx_ConfigDigitalFilter            0x080012e1   Thumb Code    68  stm32f0xx_hal_i2c_ex.o(.text.HAL_I2CEx_ConfigDigitalFilter)
    HAL_I2C_Init                             0x08001325   Thumb Code   160  stm32f0xx_hal_i2c.o(.text.HAL_I2C_Init)
    HAL_I2C_Mem_Read                         0x080013cd   Thumb Code   548  stm32f0xx_hal_i2c.o(.text.HAL_I2C_Mem_Read)
    HAL_I2C_MspInit                          0x0800160d   Thumb Code    84  stm32f0xx_hal_msp.o(.text.HAL_I2C_MspInit)
    HAL_IncTick                              0x0800166d   Thumb Code    16  stm32f0xx_hal.o(.text.HAL_IncTick)
    HAL_Init                                 0x08001681   Thumb Code    28  stm32f0xx_hal.o(.text.HAL_Init)
    HAL_InitTick                             0x0800169d   Thumb Code    60  stm32f0xx_hal.o(.text.HAL_InitTick)
    HAL_MspInit                              0x080016dd   Thumb Code    40  stm32f0xx_hal_msp.o(.text.HAL_MspInit)
    HAL_NVIC_EnableIRQ                       0x08001709   Thumb Code    20  stm32f0xx_hal_cortex.o(.text.HAL_NVIC_EnableIRQ)
    HAL_NVIC_SetPriority                     0x08001721   Thumb Code    56  stm32f0xx_hal_cortex.o(.text.HAL_NVIC_SetPriority)
    HAL_RCCEx_PeriphCLKConfig                0x08001761   Thumb Code   272  stm32f0xx_hal_rcc_ex.o(.text.HAL_RCCEx_PeriphCLKConfig)
    HAL_RCC_ClockConfig                      0x0800187d   Thumb Code   300  stm32f0xx_hal_rcc.o(.text.HAL_RCC_ClockConfig)
    HAL_RCC_GetPCLK1Freq                     0x080019b5   Thumb Code    20  stm32f0xx_hal_rcc.o(.text.HAL_RCC_GetPCLK1Freq)
    HAL_RCC_GetSysClockFreq                  0x080019d1   Thumb Code    44  stm32f0xx_hal_rcc.o(.text.HAL_RCC_GetSysClockFreq)
    HAL_RCC_OscConfig                        0x08001a0d   Thumb Code  1028  stm32f0xx_hal_rcc.o(.text.HAL_RCC_OscConfig)
    HAL_SYSTICK_Config                       0x08001e1d   Thumb Code    40  stm32f0xx_hal_cortex.o(.text.HAL_SYSTICK_Config)
    HAL_TIMEx_BreakCallback                  0x08001e51   Thumb Code     2  stm32f0xx_hal_tim_ex.o(.text.HAL_TIMEx_BreakCallback)
    HAL_TIMEx_CommutCallback                 0x08001e53   Thumb Code     2  stm32f0xx_hal_tim_ex.o(.text.HAL_TIMEx_CommutCallback)
    HAL_TIM_Base_Init                        0x08001e55   Thumb Code   196  stm32f0xx_hal_tim.o(.text.HAL_TIM_Base_Init)
    HAL_TIM_Base_MspInit                     0x08001f35   Thumb Code    60  stm32f0xx_hal_msp.o(.text.HAL_TIM_Base_MspInit)
    HAL_TIM_IC_CaptureCallback               0x08001f79   Thumb Code     2  stm32f0xx_hal_tim.o(.text.HAL_TIM_IC_CaptureCallback)
    HAL_TIM_IRQHandler                       0x08001f7b   Thumb Code   328  stm32f0xx_hal_tim.o(.text.HAL_TIM_IRQHandler)
    HAL_TIM_OC_DelayElapsedCallback          0x080020c3   Thumb Code     2  stm32f0xx_hal_tim.o(.text.HAL_TIM_OC_DelayElapsedCallback)
    HAL_TIM_PWM_PulseFinishedCallback        0x080020c5   Thumb Code     2  stm32f0xx_hal_tim.o(.text.HAL_TIM_PWM_PulseFinishedCallback)
    HAL_TIM_PeriodElapsedCallback            0x080020c9   Thumb Code    28  main.o(.text.HAL_TIM_PeriodElapsedCallback)
    HAL_TIM_TriggerCallback                  0x080020ed   Thumb Code     2  stm32f0xx_hal_tim.o(.text.HAL_TIM_TriggerCallback)
    HAL_UARTEx_RxEventCallback               0x080020ef   Thumb Code     2  stm32f0xx_hal_uart.o(.text.HAL_UARTEx_RxEventCallback)
    HAL_UART_ErrorCallback                   0x080020f1   Thumb Code     2  stm32f0xx_hal_uart.o(.text.HAL_UART_ErrorCallback)
    HAL_UART_IRQHandler                      0x080020f5   Thumb Code   920  stm32f0xx_hal_uart.o(.text.HAL_UART_IRQHandler)
    HAL_UART_Init                            0x08002499   Thumb Code   200  stm32f0xx_hal_uart.o(.text.HAL_UART_Init)
    HAL_UART_MspInit                         0x08002565   Thumb Code   176  stm32f0xx_hal_msp.o(.text.HAL_UART_MspInit)
    HAL_UART_Receive_IT                      0x08002625   Thumb Code   268  stm32f0xx_hal_uart.o(.text.HAL_UART_Receive_IT)
    HAL_UART_RxCpltCallback                  0x08002739   Thumb Code   144  main.o(.text.HAL_UART_RxCpltCallback)
    HAL_UART_Transmit                        0x080027d5   Thumb Code   256  stm32f0xx_hal_uart.o(.text.HAL_UART_Transmit)
    HAL_UART_TxCpltCallback                  0x080028d9   Thumb Code     2  stm32f0xx_hal_uart.o(.text.HAL_UART_TxCpltCallback)
    HardFault_Handler                        0x080028db   Thumb Code     2  stm32f0xx_it.o(.text.HardFault_Handler)
    NMI_Handler                              0x08002b6b   Thumb Code     2  stm32f0xx_it.o(.text.NMI_Handler)
    PendSV_Handler                           0x08002b6d   Thumb Code     2  stm32f0xx_it.o(.text.PendSV_Handler)
    SVC_Handler                              0x08002b6f   Thumb Code     2  stm32f0xx_it.o(.text.SVC_Handler)
    SysTick_Handler                          0x08002b71   Thumb Code     8  stm32f0xx_it.o(.text.SysTick_Handler)
    SystemInit                               0x08002b79   Thumb Code     2  system_stm32f0xx.o(.text.SystemInit)
    TIM16_IRQHandler                         0x08002b7d   Thumb Code    12  stm32f0xx_it.o(.text.TIM16_IRQHandler)
    UART_AdvFeatureConfig                    0x08002b8d   Thumb Code   210  stm32f0xx_hal_uart.o(.text.UART_AdvFeatureConfig)
    UART_SetConfig                           0x08002dbd   Thumb Code   276  stm32f0xx_hal_uart.o(.text.UART_SetConfig)
    UART_WaitOnFlagUntilTimeout              0x08002f05   Thumb Code   310  stm32f0xx_hal_uart.o(.text.UART_WaitOnFlagUntilTimeout)
    USART3_4_IRQHandler                      0x0800303d   Thumb Code    12  stm32f0xx_it.o(.text.USART3_4_IRQHandler)
    dropPills                                0x0800304d   Thumb Code   244  main.o(.text.dropPills)
    main                                     0x08003145   Thumb Code  1080  main.o(.text.main)
    __aeabi_uidiv                            0x080035dd   Thumb Code    68  aeabi_sdivfast.o(.text_divfast)
    __aeabi_idiv                             0x08003621   Thumb Code   434  aeabi_sdivfast.o(.text_divfast)
    __aeabi_fcmpge                           0x080037d3   Thumb Code     0  fcmp.o(i._fgeq)
    _fgeq                                    0x080037d3   Thumb Code    22  fcmp.o(i._fgeq)
    _is_digit                                0x080037e9   Thumb Code    14  __printf_wp.o(i._is_digit)
    __aeabi_fadd                             0x080037f9   Thumb Code     0  faddsub.o(x$fpl$fadd)
    _fadd                                    0x080037f9   Thumb Code   134  faddsub.o(x$fpl$fadd)
    _fcmpge                                  0x08003885   Thumb Code    78  fgef.o(x$fpl$fgeqf)
    __aeabi_fmul                             0x080038d9   Thumb Code     0  fmul.o(x$fpl$fmul)
    _fmul                                    0x080038d9   Thumb Code   172  fmul.o(x$fpl$fmul)
    __aeabi_fsub                             0x08003989   Thumb Code     0  faddsub.o(x$fpl$fsub)
    _fsub                                    0x08003989   Thumb Code   204  faddsub.o(x$fpl$fsub)
    __I$use$fp                               0x08003a58   Number         0  usenofp.o(x$fpl$usenofp)
    AHBPrescTable                            0x08003a69   Data          16  system_stm32f0xx.o(.rodata.AHBPrescTable)
    APBPrescTable                            0x08003a79   Data           8  system_stm32f0xx.o(.rodata.APBPrescTable)
    Region$$Table$$Base                      0x08003aa4   Number         0  anon$$obj.o(Region$$Table)
    Region$$Table$$Limit                     0x08003ac4   Number         0  anon$$obj.o(Region$$Table)
    adcAvg                                   0x20000000   Data           4  main.o(.data..L_MergedGlobals)
    adcAvgFactor                             0x20000004   Data           4  main.o(.data..L_MergedGlobals)
    buffer                                   0x20000008   Data          15  main.o(.data..L_MergedGlobals)
    myrx                                     0x20000017   Data          15  main.o(.data..L_MergedGlobals)
    uwTickFreq                               0x20000028   Data           1  stm32f0xx_hal.o(.data..L_MergedGlobals)
    uwTickPrio                               0x2000002c   Data           4  stm32f0xx_hal.o(.data..L_MergedGlobals)
    SystemCoreClock                          0x20000030   Data           4  system_stm32f0xx.o(.data.SystemCoreClock)
    __libspace_start                         0x20000038   Data          96  libspace.o(.bss)
    __temporary_stack_top$libspace           0x20000098   Data           0  libspace.o(.bss)
    medCounter                               0x20000098   Data           1  main.o(.bss..L_MergedGlobals.1)
    medDropStatus                            0x2000009c   Data           4  main.o(.bss..L_MergedGlobals.1)
    AdcBuffer                                0x200000a0   Data           4  main.o(.bss..L_MergedGlobals.1)
    tim16Overflown                           0x200000a4   Data           4  main.o(.bss..L_MergedGlobals.1)
    dropFlagBtn                              0x200000a8   Data           4  main.o(.bss..L_MergedGlobals.1)
    checkADC                                 0x200000ac   Data           4  main.o(.bss..L_MergedGlobals.1)
    time1                                    0x200000b0   Data           7  main.o(.bss..L_MergedGlobals.1)
    tem                                      0x200000b7   Data          15  main.o(.bss..L_MergedGlobals.1)
    cass1                                    0x200000c8   Data          36  main.o(.bss..L_MergedGlobals.1)
    hadc                                     0x200000ec   Data          64  main.o(.bss.hadc)
    hdma_adc                                 0x2000012c   Data          68  main.o(.bss.hdma_adc)
    hi2c1                                    0x20000170   Data          76  main.o(.bss.hi2c1)
    htim16                                   0x200001bc   Data          72  main.o(.bss.htim16)
    huart2                                   0x20000204   Data         132  main.o(.bss.huart2)
    huart3                                   0x20000288   Data         132  main.o(.bss.huart3)
    uwTick                                   0x2000030c   Data           4  stm32f0xx_hal.o(.bss.uwTick)



==============================================================================

Memory Map of the image

  Image Entry point : 0x080000c1

  Load Region LR_IROM1 (Base: 0x08000000, Size: 0x00003b00, Max: 0x00020000, ABSOLUTE)

    Execution Region ER_IROM1 (Exec base: 0x08000000, Load base: 0x08000000, Size: 0x00003ac4, Max: 0x00020000, ABSOLUTE)

    Exec Addr    Load Addr    Size         Type   Attr      Idx    E Section Name        Object

    0x08000000   0x08000000   0x000000c0   Data   RO            3    RESET               startup_stm32f070xb.o
    0x080000c0   0x080000c0   0x00000008   Code   RO         1188  * !!!main             c_p.l(__main.o)
    0x080000c8   0x080000c8   0x0000003c   Code   RO         1413    !!!scatter          c_p.l(__scatter.o)
    0x08000104   0x08000104   0x0000001a   Code   RO         1415    !!handler_copy      c_p.l(__scatter_copy.o)
    0x0800011e   0x0800011e   0x00000002   PAD
    0x08000120   0x08000120   0x0000001c   Code   RO         1417    !!handler_zi        c_p.l(__scatter_zi.o)
    0x0800013c   0x0800013c   0x00000002   Code   RO         1173    .ARM.Collect$$_printf_percent$$00000000  c_p.l(_printf_percent.o)
    0x0800013e   0x0800013e   0x0000000a   Code   RO         1172    .ARM.Collect$$_printf_percent$$00000009  c_p.l(_printf_d.o)
    0x08000148   0x08000148   0x00000004   Code   RO         1223    .ARM.Collect$$_printf_percent$$00000017  c_p.l(_printf_percent_end.o)
    0x0800014c   0x0800014c   0x00000002   Code   RO         1268    .ARM.Collect$$libinit$$00000000  c_p.l(libinit.o)
    0x0800014e   0x0800014e   0x00000000   Code   RO         1286    .ARM.Collect$$libinit$$00000002  c_p.l(libinit2.o)
    0x0800014e   0x0800014e   0x00000000   Code   RO         1288    .ARM.Collect$$libinit$$00000004  c_p.l(libinit2.o)
    0x0800014e   0x0800014e   0x00000000   Code   RO         1290    .ARM.Collect$$libinit$$00000006  c_p.l(libinit2.o)
    0x0800014e   0x0800014e   0x00000000   Code   RO         1293    .ARM.Collect$$libinit$$0000000C  c_p.l(libinit2.o)
    0x0800014e   0x0800014e   0x00000000   Code   RO         1295    .ARM.Collect$$libinit$$0000000E  c_p.l(libinit2.o)
    0x0800014e   0x0800014e   0x00000000   Code   RO         1297    .ARM.Collect$$libinit$$00000010  c_p.l(libinit2.o)
    0x0800014e   0x0800014e   0x00000000   Code   RO         1300    .ARM.Collect$$libinit$$00000013  c_p.l(libinit2.o)
    0x0800014e   0x0800014e   0x00000000   Code   RO         1302    .ARM.Collect$$libinit$$00000015  c_p.l(libinit2.o)
    0x0800014e   0x0800014e   0x00000000   Code   RO         1304    .ARM.Collect$$libinit$$00000017  c_p.l(libinit2.o)
    0x0800014e   0x0800014e   0x00000000   Code   RO         1306    .ARM.Collect$$libinit$$00000019  c_p.l(libinit2.o)
    0x0800014e   0x0800014e   0x00000000   Code   RO         1308    .ARM.Collect$$libinit$$0000001B  c_p.l(libinit2.o)
    0x0800014e   0x0800014e   0x00000000   Code   RO         1310    .ARM.Collect$$libinit$$0000001D  c_p.l(libinit2.o)
    0x0800014e   0x0800014e   0x00000000   Code   RO         1312    .ARM.Collect$$libinit$$0000001F  c_p.l(libinit2.o)
    0x0800014e   0x0800014e   0x00000000   Code   RO         1314    .ARM.Collect$$libinit$$00000021  c_p.l(libinit2.o)
    0x0800014e   0x0800014e   0x00000000   Code   RO         1316    .ARM.Collect$$libinit$$00000023  c_p.l(libinit2.o)
    0x0800014e   0x0800014e   0x00000000   Code   RO         1318    .ARM.Collect$$libinit$$00000025  c_p.l(libinit2.o)
    0x0800014e   0x0800014e   0x00000000   Code   RO         1320    .ARM.Collect$$libinit$$00000027  c_p.l(libinit2.o)
    0x0800014e   0x0800014e   0x00000000   Code   RO         1324    .ARM.Collect$$libinit$$0000002E  c_p.l(libinit2.o)
    0x0800014e   0x0800014e   0x00000000   Code   RO         1326    .ARM.Collect$$libinit$$00000030  c_p.l(libinit2.o)
    0x0800014e   0x0800014e   0x00000000   Code   RO         1328    .ARM.Collect$$libinit$$00000032  c_p.l(libinit2.o)
    0x0800014e   0x0800014e   0x00000000   Code   RO         1330    .ARM.Collect$$libinit$$00000034  c_p.l(libinit2.o)
    0x0800014e   0x0800014e   0x00000002   Code   RO         1331    .ARM.Collect$$libinit$$00000035  c_p.l(libinit2.o)
    0x08000150   0x08000150   0x00000002   Code   RO         1368    .ARM.Collect$$libshutdown$$00000000  c_p.l(libshutdown.o)
    0x08000152   0x08000152   0x00000000   Code   RO         1396    .ARM.Collect$$libshutdown$$00000002  c_p.l(libshutdown2.o)
    0x08000152   0x08000152   0x00000000   Code   RO         1398    .ARM.Collect$$libshutdown$$00000004  c_p.l(libshutdown2.o)
    0x08000152   0x08000152   0x00000000   Code   RO         1401    .ARM.Collect$$libshutdown$$00000007  c_p.l(libshutdown2.o)
    0x08000152   0x08000152   0x00000000   Code   RO         1404    .ARM.Collect$$libshutdown$$0000000A  c_p.l(libshutdown2.o)
    0x08000152   0x08000152   0x00000000   Code   RO         1406    .ARM.Collect$$libshutdown$$0000000C  c_p.l(libshutdown2.o)
    0x08000152   0x08000152   0x00000000   Code   RO         1409    .ARM.Collect$$libshutdown$$0000000F  c_p.l(libshutdown2.o)
    0x08000152   0x08000152   0x00000002   Code   RO         1410    .ARM.Collect$$libshutdown$$00000010  c_p.l(libshutdown2.o)
    0x08000154   0x08000154   0x00000000   Code   RO         1212    .ARM.Collect$$rtentry$$00000000  c_p.l(__rtentry.o)
    0x08000154   0x08000154   0x00000000   Code   RO         1234    .ARM.Collect$$rtentry$$00000002  c_p.l(__rtentry2.o)
    0x08000154   0x08000154   0x00000006   Code   RO         1246    .ARM.Collect$$rtentry$$00000004  c_p.l(__rtentry4.o)
    0x0800015a   0x0800015a   0x00000000   Code   RO         1236    .ARM.Collect$$rtentry$$00000009  c_p.l(__rtentry2.o)
    0x0800015a   0x0800015a   0x00000004   Code   RO         1237    .ARM.Collect$$rtentry$$0000000A  c_p.l(__rtentry2.o)
    0x0800015e   0x0800015e   0x00000000   Code   RO         1239    .ARM.Collect$$rtentry$$0000000C  c_p.l(__rtentry2.o)
    0x0800015e   0x0800015e   0x00000008   Code   RO         1240    .ARM.Collect$$rtentry$$0000000D  c_p.l(__rtentry2.o)
    0x08000166   0x08000166   0x00000002   Code   RO         1277    .ARM.Collect$$rtexit$$00000000  c_p.l(rtexit.o)
    0x08000168   0x08000168   0x00000000   Code   RO         1339    .ARM.Collect$$rtexit$$00000002  c_p.l(rtexit2.o)
    0x08000168   0x08000168   0x00000004   Code   RO         1340    .ARM.Collect$$rtexit$$00000003  c_p.l(rtexit2.o)
    0x0800016c   0x0800016c   0x00000006   Code   RO         1341    .ARM.Collect$$rtexit$$00000004  c_p.l(rtexit2.o)
    0x08000172   0x08000172   0x00000002   PAD
    0x08000174   0x08000174   0x00000038   Code   RO         1174    .emb_text           c_p.l(rt_memcpy.o)
    0x080001ac   0x080001ac   0x00000038   Code   RO            4    .text               startup_stm32f070xb.o
    0x080001e4   0x080001e4   0x00000028   Code   RO         1144    .text               c_p.l(noretval__2sprintf.o)
    0x0800020c   0x0800020c   0x0000004e   Code   RO         1148    .text               c_p.l(_printf_pad.o)
    0x0800025a   0x0800025a   0x00000002   PAD
    0x0800025c   0x0800025c   0x0000006c   Code   RO         1150    .text               c_p.l(_printf_dec.o)
    0x080002c8   0x080002c8   0x00000138   Code   RO         1164    .text               c_p.l(__printf_flags_wp.o)
    0x08000400   0x08000400   0x00000082   Code   RO         1175    .text               c_p.l(rt_memcpy.o)
    0x08000482   0x08000482   0x00000006   Code   RO         1186    .text               c_p.l(heapauxi.o)
    0x08000488   0x08000488   0x0000005e   Code   RO         1208    .text               fz_ps.l(fflti.o)
    0x080004e6   0x080004e6   0x000000b0   Code   RO         1217    .text               c_p.l(_printf_intcommon.o)
    0x08000596   0x08000596   0x00000002   PAD
    0x08000598   0x08000598   0x00000030   Code   RO         1219    .text               c_p.l(_printf_char_common.o)
    0x080005c8   0x080005c8   0x0000000a   Code   RO         1221    .text               c_p.l(_sputc.o)
    0x080005d2   0x080005d2   0x00000028   Code   RO         1224    .text               c_p.l(rtudiv10.o)
    0x080005fa   0x080005fa   0x00000002   PAD
    0x080005fc   0x080005fc   0x00000064   Code   RO         1252    .text               fz_ps.l(fcmpin.o)
    0x08000660   0x08000660   0x0000003e   Code   RO         1254    .text               c_p.l(sys_stackheap_outer.o)
    0x0800069e   0x0800069e   0x00000010   Code   RO         1257    .text               c_p.l(exit.o)
    0x080006ae   0x080006ae   0x0000002e   Code   RO         1269    .text               fz_ps.l(cmpret.o)
    0x080006dc   0x080006dc   0x00000010   Code   RO         1271    .text               fz_ps.l(fnan2.o)
    0x080006ec   0x080006ec   0x00000008   Code   RO         1273    .text               c_p.l(libspace.o)
    0x080006f4   0x080006f4   0x0000005e   Code   RO         1332    .text               fz_ps.l(retnan.o)
    0x08000752   0x08000752   0x00000002   PAD
    0x08000754   0x08000754   0x0000000c   Code   RO         1334    .text               c_p.l(sys_exit.o)
    0x08000760   0x08000760   0x00000002   Code   RO         1357    .text               c_p.l(use_no_semi.o)
    0x08000762   0x08000762   0x00000000   Code   RO         1359    .text               c_p.l(indicate_semi.o)
    0x08000762   0x08000762   0x00000002   PAD
    0x08000764   0x08000764   0x00000010   Code   RO           74    .text.ADC1_IRQHandler  stm32f0xx_it.o
    0x08000774   0x08000774   0x00000072   Code   RO          137    .text.ADC_DMAConvCplt  stm32f0xx_hal_adc.o
    0x080007e6   0x080007e6   0x0000001a   Code   RO          141    .text.ADC_DMAError  stm32f0xx_hal_adc.o
    0x08000800   0x08000800   0x0000000a   Code   RO          139    .text.ADC_DMAHalfConvCplt  stm32f0xx_hal_adc.o
    0x0800080a   0x0800080a   0x00000002   PAD
    0x0800080c   0x0800080c   0x000000b0   Code   RO          123    .text.ADC_Enable    stm32f0xx_hal_adc.o
    0x080008bc   0x080008bc   0x00000010   Code   RO           72    .text.DMA1_Channel1_IRQHandler  stm32f0xx_it.o
    0x080008cc   0x080008cc   0x0000000c   Code   RO           70    .text.EXTI4_15_IRQHandler  stm32f0xx_it.o
    0x080008d8   0x080008d8   0x00000008   Code   RO           37    .text.Error_Handler  main.o
    0x080008e0   0x080008e0   0x00000134   Code   RO          157    .text.HAL_ADC_ConfigChannel  stm32f0xx_hal_adc.o
    0x08000a14   0x08000a14   0x00000064   Code   RO           21    .text.HAL_ADC_ConvCpltCallback  main.o
    0x08000a78   0x08000a78   0x00000002   Code   RO          155    .text.HAL_ADC_ConvHalfCpltCallback  stm32f0xx_hal_adc.o
    0x08000a7a   0x08000a7a   0x00000002   Code   RO          153    .text.HAL_ADC_ErrorCallback  stm32f0xx_hal_adc.o
    0x08000a7c   0x08000a7c   0x000000d2   Code   RO          147    .text.HAL_ADC_IRQHandler  stm32f0xx_hal_adc.o
    0x08000b4e   0x08000b4e   0x00000002   PAD
    0x08000b50   0x08000b50   0x00000158   Code   RO          113    .text.HAL_ADC_Init  stm32f0xx_hal_adc.o
    0x08000ca8   0x08000ca8   0x00000002   Code   RO          151    .text.HAL_ADC_LevelOutOfWindowCallback  stm32f0xx_hal_adc.o
    0x08000caa   0x08000caa   0x00000002   PAD
    0x08000cac   0x08000cac   0x000000a4   Code   RO           89    .text.HAL_ADC_MspInit  stm32f0xx_hal_msp.o
    0x08000d50   0x08000d50   0x000000a4   Code   RO          135    .text.HAL_ADC_Start_DMA  stm32f0xx_hal_adc.o
    0x08000df4   0x08000df4   0x00000040   Code   RO          487    .text.HAL_DMA_Abort  stm32f0xx_hal_dma.o
    0x08000e34   0x08000e34   0x00000044   Code   RO          489    .text.HAL_DMA_Abort_IT  stm32f0xx_hal_dma.o
    0x08000e78   0x08000e78   0x000000d4   Code   RO          493    .text.HAL_DMA_IRQHandler  stm32f0xx_hal_dma.o
    0x08000f4c   0x08000f4c   0x0000007c   Code   RO          479    .text.HAL_DMA_Init  stm32f0xx_hal_dma.o
    0x08000fc8   0x08000fc8   0x00000082   Code   RO          485    .text.HAL_DMA_Start_IT  stm32f0xx_hal_dma.o
    0x0800104a   0x0800104a   0x00000002   PAD
    0x0800104c   0x0800104c   0x00000024   Code   RO          251    .text.HAL_Delay     stm32f0xx_hal.o
    0x08001070   0x08001070   0x00000014   Code   RO           25    .text.HAL_GPIO_EXTI_Callback  main.o
    0x08001084   0x08001084   0x00000018   Code   RO          467    .text.HAL_GPIO_EXTI_IRQHandler  stm32f0xx_hal_gpio.o
    0x0800109c   0x0800109c   0x000001d8   Code   RO          455    .text.HAL_GPIO_Init  stm32f0xx_hal_gpio.o
    0x08001274   0x08001274   0x00000010   Code   RO          463    .text.HAL_GPIO_TogglePin  stm32f0xx_hal_gpio.o
    0x08001284   0x08001284   0x00000010   Code   RO          461    .text.HAL_GPIO_WritePin  stm32f0xx_hal_gpio.o
    0x08001294   0x08001294   0x00000008   Code   RO          243    .text.HAL_GetTick   stm32f0xx_hal.o
    0x0800129c   0x0800129c   0x00000044   Code   RO          439    .text.HAL_I2CEx_ConfigAnalogFilter  stm32f0xx_hal_i2c_ex.o
    0x080012e0   0x080012e0   0x00000044   Code   RO          441    .text.HAL_I2CEx_ConfigDigitalFilter  stm32f0xx_hal_i2c_ex.o
    0x08001324   0x08001324   0x000000a8   Code   RO          287    .text.HAL_I2C_Init  stm32f0xx_hal_i2c.o
    0x080013cc   0x080013cc   0x00000240   Code   RO          349    .text.HAL_I2C_Mem_Read  stm32f0xx_hal_i2c.o
    0x0800160c   0x0800160c   0x00000060   Code   RO           93    .text.HAL_I2C_MspInit  stm32f0xx_hal_msp.o
    0x0800166c   0x0800166c   0x00000014   Code   RO          241    .text.HAL_IncTick   stm32f0xx_hal.o
    0x08001680   0x08001680   0x0000001c   Code   RO          231    .text.HAL_Init      stm32f0xx_hal.o
    0x0800169c   0x0800169c   0x00000040   Code   RO          233    .text.HAL_InitTick  stm32f0xx_hal.o
    0x080016dc   0x080016dc   0x0000002c   Code   RO           87    .text.HAL_MspInit   stm32f0xx_hal_msp.o
    0x08001708   0x08001708   0x00000018   Code   RO          513    .text.HAL_NVIC_EnableIRQ  stm32f0xx_hal_cortex.o
    0x08001720   0x08001720   0x00000040   Code   RO          511    .text.HAL_NVIC_SetPriority  stm32f0xx_hal_cortex.o
    0x08001760   0x08001760   0x0000011c   Code   RO          217    .text.HAL_RCCEx_PeriphCLKConfig  stm32f0xx_hal_rcc_ex.o
    0x0800187c   0x0800187c   0x00000138   Code   RO          186    .text.HAL_RCC_ClockConfig  stm32f0xx_hal_rcc.o
    0x080019b4   0x080019b4   0x0000001c   Code   RO          198    .text.HAL_RCC_GetPCLK1Freq  stm32f0xx_hal_rcc.o
    0x080019d0   0x080019d0   0x0000003c   Code   RO          188    .text.HAL_RCC_GetSysClockFreq  stm32f0xx_hal_rcc.o
    0x08001a0c   0x08001a0c   0x00000410   Code   RO          184    .text.HAL_RCC_OscConfig  stm32f0xx_hal_rcc.o
    0x08001e1c   0x08001e1c   0x00000034   Code   RO          519    .text.HAL_SYSTICK_Config  stm32f0xx_hal_cortex.o
    0x08001e50   0x08001e50   0x00000002   Code   RO          962    .text.HAL_TIMEx_BreakCallback  stm32f0xx_hal_tim_ex.o
    0x08001e52   0x08001e52   0x00000002   Code   RO          958    .text.HAL_TIMEx_CommutCallback  stm32f0xx_hal_tim_ex.o
    0x08001e54   0x08001e54   0x000000e0   Code   RO          657    .text.HAL_TIM_Base_Init  stm32f0xx_hal_tim.o
    0x08001f34   0x08001f34   0x00000044   Code   RO           97    .text.HAL_TIM_Base_MspInit  stm32f0xx_hal_msp.o
    0x08001f78   0x08001f78   0x00000002   Code   RO          793    .text.HAL_TIM_IC_CaptureCallback  stm32f0xx_hal_tim.o
    0x08001f7a   0x08001f7a   0x00000148   Code   RO          791    .text.HAL_TIM_IRQHandler  stm32f0xx_hal_tim.o
    0x080020c2   0x080020c2   0x00000002   Code   RO          795    .text.HAL_TIM_OC_DelayElapsedCallback  stm32f0xx_hal_tim.o
    0x080020c4   0x080020c4   0x00000002   Code   RO          797    .text.HAL_TIM_PWM_PulseFinishedCallback  stm32f0xx_hal_tim.o
    0x080020c6   0x080020c6   0x00000002   PAD
    0x080020c8   0x080020c8   0x00000024   Code   RO           23    .text.HAL_TIM_PeriodElapsedCallback  main.o
    0x080020ec   0x080020ec   0x00000002   Code   RO          801    .text.HAL_TIM_TriggerCallback  stm32f0xx_hal_tim.o
    0x080020ee   0x080020ee   0x00000002   Code   RO         1060    .text.HAL_UARTEx_RxEventCallback  stm32f0xx_hal_uart.o
    0x080020f0   0x080020f0   0x00000002   Code   RO         1058    .text.HAL_UART_ErrorCallback  stm32f0xx_hal_uart.o
    0x080020f2   0x080020f2   0x00000002   PAD
    0x080020f4   0x080020f4   0x000003a4   Code   RO         1054    .text.HAL_UART_IRQHandler  stm32f0xx_hal_uart.o
    0x08002498   0x08002498   0x000000cc   Code   RO          976    .text.HAL_UART_Init  stm32f0xx_hal_uart.o
    0x08002564   0x08002564   0x000000c0   Code   RO          101    .text.HAL_UART_MspInit  stm32f0xx_hal_msp.o
    0x08002624   0x08002624   0x00000114   Code   RO         1006    .text.HAL_UART_Receive_IT  stm32f0xx_hal_uart.o
    0x08002738   0x08002738   0x0000009c   Code   RO           31    .text.HAL_UART_RxCpltCallback  main.o
    0x080027d4   0x080027d4   0x00000104   Code   RO          994    .text.HAL_UART_Transmit  stm32f0xx_hal_uart.o
    0x080028d8   0x080028d8   0x00000002   Code   RO         1062    .text.HAL_UART_TxCpltCallback  stm32f0xx_hal_uart.o
    0x080028da   0x080028da   0x00000002   Code   RO           62    .text.HardFault_Handler  stm32f0xx_it.o
    0x080028dc   0x080028dc   0x000000b4   Code   RO          429    .text.I2C_IsAcknowledgeFailed  stm32f0xx_hal_i2c.o
    0x08002990   0x08002990   0x000000e0   Code   RO          351    .text.I2C_RequestMemoryRead  stm32f0xx_hal_i2c.o
    0x08002a70   0x08002a70   0x00000068   Code   RO          301    .text.I2C_WaitOnSTOPFlagUntilTimeout  stm32f0xx_hal_i2c.o
    0x08002ad8   0x08002ad8   0x00000092   Code   RO          299    .text.I2C_WaitOnTXISFlagUntilTimeout  stm32f0xx_hal_i2c.o
    0x08002b6a   0x08002b6a   0x00000002   Code   RO           60    .text.NMI_Handler   stm32f0xx_it.o
    0x08002b6c   0x08002b6c   0x00000002   Code   RO           66    .text.PendSV_Handler  stm32f0xx_it.o
    0x08002b6e   0x08002b6e   0x00000002   Code   RO           64    .text.SVC_Handler   stm32f0xx_it.o
    0x08002b70   0x08002b70   0x00000008   Code   RO           68    .text.SysTick_Handler  stm32f0xx_it.o
    0x08002b78   0x08002b78   0x00000002   Code   RO         1124    .text.SystemInit    system_stm32f0xx.o
    0x08002b7a   0x08002b7a   0x00000002   PAD
    0x08002b7c   0x08002b7c   0x00000010   Code   RO           76    .text.TIM16_IRQHandler  stm32f0xx_it.o
    0x08002b8c   0x08002b8c   0x000000d2   Code   RO          982    .text.UART_AdvFeatureConfig  stm32f0xx_hal_uart.o
    0x08002c5e   0x08002c5e   0x00000016   Code   RO         1056    .text.UART_DMAAbortOnError  stm32f0xx_hal_uart.o
    0x08002c74   0x08002c74   0x000000a2   Code   RO         1090    .text.UART_RxISR_16BIT  stm32f0xx_hal_uart.o
    0x08002d16   0x08002d16   0x000000a4   Code   RO         1092    .text.UART_RxISR_8BIT  stm32f0xx_hal_uart.o
    0x08002dba   0x08002dba   0x00000002   PAD
    0x08002dbc   0x08002dbc   0x00000148   Code   RO          980    .text.UART_SetConfig  stm32f0xx_hal_uart.o
    0x08002f04   0x08002f04   0x00000136   Code   RO          996    .text.UART_WaitOnFlagUntilTimeout  stm32f0xx_hal_uart.o
    0x0800303a   0x0800303a   0x00000002   PAD
    0x0800303c   0x0800303c   0x00000010   Code   RO           78    .text.USART3_4_IRQHandler  stm32f0xx_it.o
    0x0800304c   0x0800304c   0x000000f8   Code   RO           19    .text.dropPills     main.o
    0x08003144   0x08003144   0x00000498   Code   RO           33    .text.main          main.o
    0x080035dc   0x080035dc   0x000001f6   Code   RO         1179    .text_divfast       c_p.l(aeabi_sdivfast.o)
    0x080037d2   0x080037d2   0x00000016   Code   RO         1197    i._fgeq             fz_ps.l(fcmp.o)
    0x080037e8   0x080037e8   0x0000000e   Code   RO         1162    i._is_digit         c_p.l(__printf_wp.o)
    0x080037f6   0x080037f6   0x00000002   PAD
    0x080037f8   0x080037f8   0x0000008c   Code   RO         1190    x$fpl$fadd          fz_ps.l(faddsub.o)
    0x08003884   0x08003884   0x00000054   Code   RO         1228    x$fpl$fgeqf         fz_ps.l(fgef.o)
    0x080038d8   0x080038d8   0x000000b0   Code   RO         1210    x$fpl$fmul          fz_ps.l(fmul.o)
    0x08003988   0x08003988   0x000000d0   Code   RO         1192    x$fpl$fsub          fz_ps.l(faddsub.o)
    0x08003a58   0x08003a58   0x00000000   Code   RO         1232    x$fpl$usenofp       fz_ps.l(usenofp.o)
    0x08003a58   0x08003a58   0x00000011   Data   RO         1165    .constdata          c_p.l(__printf_flags_wp.o)
    0x08003a69   0x08003a69   0x00000010   Data   RO         1129    .rodata.AHBPrescTable  system_stm32f0xx.o
    0x08003a79   0x08003a79   0x00000008   Data   RO         1130    .rodata.APBPrescTable  system_stm32f0xx.o
    0x08003a81   0x08003a81   0x00000020   Data   RO          208    .rodata.cst16       stm32f0xx_hal_rcc.o
    0x08003aa1   0x08003aa1   0x00000003   PAD
    0x08003aa4   0x08003aa4   0x00000020   Data   RO         1412    Region$$Table       anon$$obj.o


    Execution Region RW_IRAM1 (Exec base: 0x20000000, Load base: 0x08003ac8, Size: 0x00000910, Max: 0x00004000, ABSOLUTE)

    Exec Addr    Load Addr    Size         Type   Attr      Idx    E Section Name        Object

    0x20000000   0x08003ac8   0x00000026   Data   RW           50    .data..L_MergedGlobals  main.o
    0x20000026   0x08003aee   0x00000002   PAD
    0x20000028   0x08003af0   0x00000008   Data   RW          278    .data..L_MergedGlobals  stm32f0xx_hal.o
    0x20000030   0x08003af8   0x00000004   Data   RW         1128    .data.SystemCoreClock  system_stm32f0xx.o
    0x20000034   0x08003afc   0x00000004   PAD
    0x20000038        -       0x00000060   Zero   RW         1274    .bss                c_p.l(libspace.o)
    0x20000098        -       0x00000054   Zero   RW           51    .bss..L_MergedGlobals.1  main.o
    0x200000ec        -       0x00000040   Zero   RW           45    .bss.hadc           main.o
    0x2000012c        -       0x00000044   Zero   RW           47    .bss.hdma_adc       main.o
    0x20000170        -       0x0000004c   Zero   RW           43    .bss.hi2c1          main.o
    0x200001bc        -       0x00000048   Zero   RW           42    .bss.htim16         main.o
    0x20000204        -       0x00000084   Zero   RW           44    .bss.huart2         main.o
    0x20000288        -       0x00000084   Zero   RW           46    .bss.huart3         main.o
    0x2000030c        -       0x00000004   Zero   RW          277    .bss.uwTick         stm32f0xx_hal.o
    0x20000310        -       0x00000200   Zero   RW            2    HEAP                startup_stm32f070xb.o
    0x20000510        -       0x00000400   Zero   RW            1    STACK               startup_stm32f070xb.o


==============================================================================

Image component sizes


      Code (inc. data)   RO Data    RW Data    ZI Data      Debug   Object Name

      1744        136          0         38        628      18081   main.o
        56         26        192          0       1536        600   startup_stm32f070xb.o
       156         12          0          8          4       5320   stm32f0xx_hal.o
      1358         52          0          0          0      14005   stm32f0xx_hal_adc.o
       140         24          0          0          0       5546   stm32f0xx_hal_cortex.o
       598         12          0          0          0       8117   stm32f0xx_hal_dma.o
       528         28          0          0          0       5018   stm32f0xx_hal_gpio.o
      1398         52          0          0          0      60878   stm32f0xx_hal_i2c.o
       136          0          0          0          0       4873   stm32f0xx_hal_i2c_ex.o
       564         56          0          0          0      10845   stm32f0xx_hal_msp.o
      1440         48         32          0          0       7573   stm32f0xx_hal_rcc.o
       284         12          0          0          0       3701   stm32f0xx_hal_rcc_ex.o
       560         28          0          0          0      61841   stm32f0xx_hal_tim.o
         4          0          0          0          0      22502   stm32f0xx_hal_tim_ex.o
      2874        100          0          0          0      40322   stm32f0xx_hal_uart.o
        92         16          0          0          0       2290   stm32f0xx_it.o
         2          0         24          4          0       1724   system_stm32f0xx.o

    ----------------------------------------------------------------------
     11952        602        283         52       2172     273236   Object Totals
         0          0         32          0          0          0   (incl. Generated)
        18          0          3          2          4          0   (incl. Padding)

    ----------------------------------------------------------------------

      Code (inc. data)   RO Data    RW Data    ZI Data      Debug   Library Member Name

         8          0          0          0          0         68   __main.o
       312          6         17          0          0         76   __printf_flags_wp.o
        14          0          0          0          0         60   __printf_wp.o
         0          0          0          0          0          0   __rtentry.o
        12          0          0          0          0          0   __rtentry2.o
         6          0          0          0          0          0   __rtentry4.o
        60          8          0          0          0          0   __scatter.o
        26          0          0          0          0          0   __scatter_copy.o
        28          0          0          0          0          0   __scatter_zi.o
        48          6          0          0          0         88   _printf_char_common.o
        10          0          0          0          0          0   _printf_d.o
       108         18          0          0          0         76   _printf_dec.o
       176          0          0          0          0         84   _printf_intcommon.o
        78          0          0          0          0        100   _printf_pad.o
         2          0          0          0          0          0   _printf_percent.o
         4          0          0          0          0          0   _printf_percent_end.o
        10          0          0          0          0         60   _sputc.o
       502          0          0          0          0         92   aeabi_sdivfast.o
        16          0          0          0          0         68   exit.o
         6          0          0          0          0        136   heapauxi.o
         0          0          0          0          0          0   indicate_semi.o
         2          0          0          0          0          0   libinit.o
         2          0          0          0          0          0   libinit2.o
         2          0          0          0          0          0   libshutdown.o
         2          0          0          0          0          0   libshutdown2.o
         8          4          0          0         96         68   libspace.o
        40          4          0          0          0         84   noretval__2sprintf.o
       186          0          0          0          0        144   rt_memcpy.o
         2          0          0          0          0          0   rtexit.o
        10          0          0          0          0          0   rtexit2.o
        40          0          0          0          0         60   rtudiv10.o
        12          4          0          0          0         60   sys_exit.o
        62          0          0          0          0         80   sys_stackheap_outer.o
         2          0          0          0          0         68   use_no_semi.o
        46          0          0          0          0         60   cmpret.o
       348          8          0          0          0        160   faddsub.o
        22          0          0          0          0         68   fcmp.o
       100          4          0          0          0         68   fcmpin.o
        94          0          0          0          0         92   fflti.o
        84          4          0          0          0         76   fgef.o
       176          4          0          0          0         80   fmul.o
        16          6          0          0          0         68   fnan2.o
        94          0          0          0          0         68   retnan.o
         0          0          0          0          0          0   usenofp.o

    ----------------------------------------------------------------------
      2792         76         17          0         96       2212   Library Totals
        16          0          0          0          0          0   (incl. Padding)

    ----------------------------------------------------------------------

      Code (inc. data)   RO Data    RW Data    ZI Data      Debug   Library Name

      1796         50         17          0         96       1472   c_p.l
       980         26          0          0          0        740   fz_ps.l

    ----------------------------------------------------------------------
      2792         76         17          0         96       2212   Library Totals

    ----------------------------------------------------------------------

==============================================================================


      Code (inc. data)   RO Data    RW Data    ZI Data      Debug   

     14744        678        300         52       2268     274040   Grand Totals
     14744        678        300         52       2268     274040   ELF Image Totals
     14744        678        300         52          0          0   ROM Totals

==============================================================================

    Total RO  Size (Code + RO Data)                15044 (  14.69kB)
    Total RW  Size (RW Data + ZI Data)              2320 (   2.27kB)
    Total ROM Size (Code + RO Data + RW Data)      15096 (  14.74kB)

==============================================================================

